 vncviewer

 Timestamp is 58be5add (Tue Mar 07 15:01:49 2017)

 Preferred load address is 00400000

 Start         Length     Name                   Class
 0001:00000000 000af14aH .textbss                DATA
 0002:00000000 00169a56H .text                   CODE
 0002:00169a60 00006178H .text$x                 CODE
 0002:0016fbe0 00001677H .text$yc                CODE
 0002:00171260 000010c9H .text$yd                CODE
 0003:00000000 00000104H .CRT$XCA                DATA
 0003:00000104 00000104H .CRT$XCC                DATA
 0003:00000208 000001d4H .CRT$XCU                DATA
 0003:000003dc 00000104H .CRT$XCZ                DATA
 0003:000004e0 00000104H .CRT$XIA                DATA
 0003:000005e4 00000113H .CRT$XIC                DATA
 0003:000006f8 00000104H .CRT$XIY                DATA
 0003:000007fc 00000104H .CRT$XIZ                DATA
 0003:00000900 00000104H .CRT$XPA                DATA
 0003:00000a04 00000109H .CRT$XPX                DATA
 0003:00000b10 00000104H .CRT$XPXA               DATA
 0003:00000c14 00000104H .CRT$XPZ                DATA
 0003:00000d18 00000104H .CRT$XTA                DATA
 0003:00000e1c 00000104H .CRT$XTZ                DATA
 0003:00000f20 0002828cH .rdata                  DATA
 0003:000291ac 0000015cH .rdata$debug            DATA
 0003:00029308 0000120cH .rdata$r                DATA
 0003:0002a514 00000104H .rtc$IAA                DATA
 0003:0002a618 0000018bH .rtc$IMZ                DATA
 0003:0002a7a4 00000104H .rtc$IZZ                DATA
 0003:0002a8a8 00000104H .rtc$TAA                DATA
 0003:0002a9ac 0000018bH .rtc$TMZ                DATA
 0003:0002ab38 00000104H .rtc$TZZ                DATA
 0003:0002ac40 00006400H .xdata$x                DATA
 0003:00031040 00000000H .edata                  DATA
 0004:00000000 000075a7H .data                   DATA
 0004:000075c0 00065884H .bss                    DATA
 0005:00000000 000000c8H .idata$2                DATA
 0005:000000c8 00000014H .idata$3                DATA
 0005:000000dc 00000920H .idata$4                DATA
 0005:000009fc 00000920H .idata$5                DATA
 0005:0000131c 00001e7aH .idata$6                DATA
 0006:00000000 000017e9H .rsrc$01                DATA
 0006:000017f0 0008ca70H .rsrc$02                DATA

  Address         Publics by Value              Rva+Base       Lib:Object

 0000:00000000       ___safe_se_handler_count   00000000     <absolute>
 0000:00000000       __except_list              00000000     <absolute>
 0000:00000000       ___safe_se_handler_table   00000000     <absolute>
 0000:00000000       ___ImageBase               00400000     <linker-defined>
 0001:00000000       __enc$textbss$begin        00401000     <linker-defined>
 0001:000af14a       __enc$textbss$end          004b014a     <linker-defined>
 0002:00008440       ?DoGetBkGndBitmap@@YAPAUHBITMAP__@@I@Z 004b9440 f   AboutBox.obj
 0002:000084a0       ?DoSDKEraseBkGnd@@YAHQAUHDC__@@K@Z 004b94a0 f   AboutBox.obj
 0002:00008600       ?ShowAboutBox@@YAXXZ       004b9600 f   AboutBox.obj
 0002:00008750       ??0AccelKeys@@QAE@XZ       004b9750 f   AccelKeys.obj
 0002:000089e0       ?TranslateAccelKeys@AccelKeys@@QAE_NPAUtagMSG@@@Z 004b99e0 f   AccelKeys.obj
 0002:00008a20       ??1AccelKeys@@UAE@XZ       004b9a20 f   AccelKeys.obj
 0002:00008b00       ??_GAccelKeys@@UAEPAXI@Z   004b9b00 f i AccelKeys.obj
 0002:00008b00       ??_EAccelKeys@@UAEPAXI@Z   004b9b00 f i AccelKeys.obj
 0002:00008b40       ??0AuthDialog@@QAE@XZ      004b9b40 f   AuthDialog.obj
 0002:00008b70       ??1AuthDialog@@UAE@XZ      004b9b70 f   AuthDialog.obj
 0002:00008b90       ?DoDialog@AuthDialog@@QAEH_N0@Z 004b9b90 f   AuthDialog.obj
 0002:00008c20       ?DlgProc@AuthDialog@@SGHPAUHWND__@@IIJ@Z 004b9c20 f   AuthDialog.obj
 0002:00008d70       ?DlgProc1@AuthDialog@@SGHPAUHWND__@@IIJ@Z 004b9d70 f   AuthDialog.obj
 0002:00008f50       ??_GAuthDialog@@UAEPAXI@Z  004b9f50 f i AuthDialog.obj
 0002:00008f50       ??_EAuthDialog@@UAEPAXI@Z  004b9f50 f i AuthDialog.obj
 0002:00008f90       ??$SafeGetWindowUserData@VAuthDialog@@@helper@@YAPAVAuthDialog@@PAUHWND__@@@Z 004b9f90 f i AuthDialog.obj
 0002:00008fb0       ??0ClientConnection@@QAE@PAVVNCviewerApp@@@Z 004b9fb0 f   ClientConnection.obj
 0002:00009190       ??0ClientConnection@@QAE@PAVVNCviewerApp@@I@Z 004ba190 f   ClientConnection.obj
 0002:00009430       ??0ClientConnection@@QAE@PAVVNCviewerApp@@PADH@Z 004ba430 f   ClientConnection.obj
 0002:000096a0       ?Init@ClientConnection@@AAEXPAVVNCviewerApp@@@Z 004ba6a0 f   ClientConnection.obj
 0002:0000a070       ?SetSendTimeout@ClientConnection@@QAE_NH@Z 004bb070 f   ClientConnection.obj
 0002:0000a0d0       ?SetRecvTimeout@ClientConnection@@QAE_NH@Z 004bb0d0 f   ClientConnection.obj
 0002:0000a130       ?Run@ClientConnection@@QAEXXZ 004bb130 f   ClientConnection.obj
 0002:0000a2b0       ?DoConnection@ClientConnection@@QAEXXZ 004bb2b0 f   ClientConnection.obj
 0002:0000a3f0       ?ReconnectThreadProc@@YGKPAX@Z 004bb3f0 f   ClientConnection.obj
 0002:0000a520       ?Reconnect@ClientConnection@@AAEXXZ 004bb520 f   ClientConnection.obj
 0002:0000a640       ?GTGBS_ShowConnectWindow@ClientConnection@@AAEPAUHWND__@@XZ 004bb640 f   ClientConnection.obj
 0002:0000a690       ?CreateButtons@ClientConnection@@QAEXHH@Z 004bb690 f   ClientConnection.obj
 0002:0000b6d0       ?RebuildToolbar@ClientConnection@@QAEXPAUHWND__@@@Z 004bc6d0 f   ClientConnection.obj
 0002:0000b7b0       ?GTGBS_CreateToolbar@ClientConnection@@AAEXXZ 004bc7b0 f   ClientConnection.obj
 0002:0000be60       ?CreateDisplay@ClientConnection@@AAEXXZ 004bce60 f   ClientConnection.obj
 0002:0000c840       ?WatchClipboard@ClientConnection@@AAEXXZ 004bd840 f   ClientConnection.obj
 0002:0000c8b0       ?UpdateMenuItems@ClientConnection@@AAEXXZ 004bd8b0 f   ClientConnection.obj
 0002:0000cb30       ?LoadDSMPlugin@ClientConnection@@AAEX_N@Z 004bdb30 f   ClientConnection.obj
 0002:0000ccc0       ?SetDSMPluginStuff@ClientConnection@@AAEXXZ 004bdcc0 f   ClientConnection.obj
 0002:0000d000       ?HandleQuickOption@ClientConnection@@QAEXXZ 004be000 f   ClientConnection.obj
 0002:0000d1b0       ?GetConnectDetails@ClientConnection@@AAEXXZ 004be1b0 f   ClientConnection.obj
 0002:0000d510       ?SocketTimeout@@YGKPAX@Z   004be510 f   ClientConnection.obj
 0002:0000d570       ?Connect@ClientConnection@@AAEXXZ 004be570 f   ClientConnection.obj
 0002:0000d990       ?ConnectProxy@ClientConnection@@AAEXXZ 004be990 f   ClientConnection.obj
 0002:0000dd20       ?SetSocketOptions@ClientConnection@@AAEXXZ 004bed20 f   ClientConnection.obj
 0002:0000de10       ?NegotiateProtocolVersion@ClientConnection@@AAEXXZ 004bee10 f   ClientConnection.obj
 0002:0000e6a0       ?NegotiateProxy@ClientConnection@@AAEXXZ 004bf6a0 f   ClientConnection.obj
 0002:0000e9b0       ?Authenticate@ClientConnection@@AAEXAAV?$vector@KV?$allocator@K@std@@@std@@@Z 004bf9b0 f   ClientConnection.obj
 0002:0000f000       ?AuthenticateServer@ClientConnection@@AAEXKAAV?$vector@KV?$allocator@K@std@@@std@@@Z 004c0000 f   ClientConnection.obj
 0002:0000fb10       ?AuthSecureVNCPlugin@ClientConnection@@AAEXXZ 004c0b10 f   ClientConnection.obj
 0002:00010110       ?AuthMsLogonII@ClientConnection@@AAEXXZ 004c1110 f   ClientConnection.obj
 0002:00010530       ?AuthMsLogonI@ClientConnection@@AAEXXZ 004c1530 f   ClientConnection.obj
 0002:00010af0       ?AuthVnc@ClientConnection@@AAEXXZ 004c1af0 f   ClientConnection.obj
 0002:00010e00       ?AuthSCPrompt@ClientConnection@@AAEXXZ 004c1e00 f   ClientConnection.obj
 0002:00010f90       ?AuthSessionSelect@ClientConnection@@AAEXXZ 004c1f90 f   ClientConnection.obj
 0002:00011030       ?SendClientInit@ClientConnection@@AAEXXZ 004c2030 f   ClientConnection.obj
 0002:00011070       ?ReadServerInit@ClientConnection@@AAEXXZ 004c2070 f   ClientConnection.obj
 0002:00011520       ?SizeWindow@ClientConnection@@AAEXXZ 004c2520 f   ClientConnection.obj
 0002:00011f70       ?CreateLocalFramebuffer@ClientConnection@@AAEXXZ 004c2f70 f   ClientConnection.obj
 0002:00011fa0       ?SetupPixelFormat@ClientConnection@@AAEXXZ 004c2fa0 f   ClientConnection.obj
 0002:00012280       ?SetFormatAndEncodings@ClientConnection@@AAEXXZ 004c3280 f   ClientConnection.obj
 0002:00012990       ?Createdib@ClientConnection@@AAEXXZ 004c3990 f   ClientConnection.obj
 0002:000131c0       ?KillThread@ClientConnection@@QAEXXZ 004c41c0 f   ClientConnection.obj
 0002:00013250       ?SuspendThread@ClientConnection@@QAEXXZ 004c4250 f   ClientConnection.obj
 0002:00013430       ?CloseWindows@ClientConnection@@QAEXXZ 004c4430 f   ClientConnection.obj
 0002:000134a0       ??1ClientConnection@@UAE@XZ 004c44a0 f   ClientConnection.obj
 0002:00013c40       ?ScrollScreen@ClientConnection@@AAE_NHH@Z 004c4c40 f   ClientConnection.obj
 0002:00013e30       ?FlushThrottledMouseMove@ClientConnection@@AAE_NXZ 004c4e30 f   ClientConnection.obj
 0002:00013ed0       ?SendClientCutText@ClientConnection@@AAEXPADH@Z 004c4ed0 f   ClientConnection.obj
 0002:000140e0       ?ShowConnInfo@ClientConnection@@AAEXXZ 004c50e0 f   ClientConnection.obj
 0002:00014320       ?run_undetached@ClientConnection@@EAEPAXPAX@Z 004c5320 f   ClientConnection.obj
 0002:00014c90       ?Internal_SendFramebufferUpdateRequest@ClientConnection@@AAEXHHHH_N@Z 004c5c90 f   ClientConnection.obj
 0002:00014db0       ?HandleFramebufferUpdateRequest@ClientConnection@@AAEXIJ@Z 004c5db0 f   ClientConnection.obj
 0002:00014df0       ?SendIncrementalFramebufferUpdateRequest@ClientConnection@@AAEX_N@Z 004c5df0 f   ClientConnection.obj
 0002:00014e10       ?SendFullFramebufferUpdateRequest@ClientConnection@@AAEX_N@Z 004c5e10 f   ClientConnection.obj
 0002:00014e30       ?SendAppropriateFramebufferUpdateRequest@ClientConnection@@AAEX_N@Z 004c5e30 f   ClientConnection.obj
 0002:00014e50       ?SendFramebufferUpdateRequest@ClientConnection@@AAEXI_N@Z 004c5e50 f   ClientConnection.obj
 0002:00014ea0       ?Internal_SendIncrementalFramebufferUpdateRequest@ClientConnection@@AAEXXZ 004c5ea0 f   ClientConnection.obj
 0002:00014ed0       ?Internal_SendFullFramebufferUpdateRequest@ClientConnection@@AAEXXZ 004c5ed0 f   ClientConnection.obj
 0002:00014f00       ?Internal_SendAppropriateFramebufferUpdateRequest@ClientConnection@@AAEXXZ 004c5f00 f   ClientConnection.obj
 0002:000151e0       ?SendServerScale@ClientConnection@@AAE_NH@Z 004c61e0 f   ClientConnection.obj
 0002:00015220       ?SendServerInput@ClientConnection@@AAE_NH@Z 004c6220 f   ClientConnection.obj
 0002:00015260       ?SendSW@ClientConnection@@AAE_NHH@Z 004c6260 f   ClientConnection.obj
 0002:00015350       ?SetDormant@ClientConnection@@AAEX_N@Z 004c6350 f   ClientConnection.obj
 0002:000153d0       ?ReadServerCutText@ClientConnection@@AAEXXZ 004c63d0 f   ClientConnection.obj
 0002:00015720       ?ReadBell@ClientConnection@@AAEXXZ 004c6720 f   ClientConnection.obj
 0002:000157d0       ?ReadServerState@ClientConnection@@AAEXXZ 004c67d0 f   ClientConnection.obj
 0002:00015a00       ?ReadExact@ClientConnection@@QAEXPADH@Z 004c6a00 f   ClientConnection.obj
 0002:00015ce0       ?ReadExactProtocolVersion@ClientConnection@@AAEXPADHAA_N@Z 004c6ce0 f   ClientConnection.obj
 0002:00016220       ?ReadExactProxy@ClientConnection@@AAEXPADH@Z 004c7220 f   ClientConnection.obj
 0002:00016320       ?ReadString@ClientConnection@@AAEXPADH@Z 004c7320 f   ClientConnection.obj
 0002:00016370       ?Send@ClientConnection@@AAEHPBDIH@Z 004c7370 f   ClientConnection.obj
 0002:000164f0       ?WriteTransformed@ClientConnection@@AAEXPADHE_N@Z 004c74f0 f   ClientConnection.obj
 0002:00016570       ?WriteExact@ClientConnection@@AAEXPADHE@Z 004c7570 f   ClientConnection.obj
 0002:000165a0       ?WriteTransformed_timeout@ClientConnection@@AAEXPADHEH_N@Z 004c75a0 f   ClientConnection.obj
 0002:00016630       ?WriteExact_timeout@ClientConnection@@AAEXPADHEH@Z 004c7630 f   ClientConnection.obj
 0002:00016660       ?Write@ClientConnection@@AAEXPADH_N1H@Z 004c7660 f   ClientConnection.obj
 0002:000168b0       ?FlushOutstandingWriteQueue@ClientConnection@@AAEXAAPADAAH_NH@Z 004c78b0 f   ClientConnection.obj
 0002:00016af0       ?FlushWriteQueue@ClientConnection@@AAEX_NH@Z 004c7af0 f   ClientConnection.obj
 0002:00016b20       ?WriteTransformed@ClientConnection@@AAEXPADH_N@Z 004c7b20 f   ClientConnection.obj
 0002:00016c30       ?WriteExact@ClientConnection@@AAEXPADH@Z 004c7c30 f   ClientConnection.obj
 0002:00016c50       ?WriteQueue@ClientConnection@@AAEXPADH@Z 004c7c50 f   ClientConnection.obj
 0002:00016c80       ?WriteExactQueue@ClientConnection@@AAEXPADH@Z 004c7c80 f   ClientConnection.obj
 0002:00016ca0       ?WriteExactQueue@ClientConnection@@AAEXPADHE@Z 004c7ca0 f   ClientConnection.obj
 0002:00016cd0       ?WriteExactQueue_timeout@ClientConnection@@AAEXPADHH@Z 004c7cd0 f   ClientConnection.obj
 0002:00016d00       ?WriteExactQueue_timeout@ClientConnection@@AAEXPADHEH@Z 004c7d00 f   ClientConnection.obj
 0002:00016d30       ?WriteTransformed_timeout@ClientConnection@@AAEXPADHH_N@Z 004c7d30 f   ClientConnection.obj
 0002:00016e40       ?WriteExact_timeout@ClientConnection@@AAEXPADHH@Z 004c7e40 f   ClientConnection.obj
 0002:00016e70       ?Write_timeout@ClientConnection@@AAEXPADHH_N@Z 004c7e70 f   ClientConnection.obj
 0002:00016ea0       ?WriteExactProxy@ClientConnection@@AAEXPADH@Z 004c7ea0 f   ClientConnection.obj
 0002:00016ed0       ?CheckBufferSize@ClientConnection@@AAEXH@Z 004c7ed0 f   ClientConnection.obj
 0002:00017010       ?CheckZipBufferSize@ClientConnection@@AAEXH@Z 004c8010 f   ClientConnection.obj
 0002:00017150       ?CheckFileZipBufferSize@ClientConnection@@AAEXH@Z 004c8150 f   ClientConnection.obj
 0002:00017290       ?CheckFileChunkBufferSize@ClientConnection@@AAEXH@Z 004c8290 f   ClientConnection.obj
 0002:000173d0       ?ReadNewFBSize@ClientConnection@@AAEXPAUrfbFramebufferUpdateRectHeader@@@Z 004c83d0 f   ClientConnection.obj
 0002:00017480       ?TransformBuffer@ClientConnection@@AAEPAEPAEHPAH@Z 004c8480 f   ClientConnection.obj
 0002:000174e0       ?RestoreBufferStep1@ClientConnection@@AAEPAEPAEHPAH@Z 004c84e0 f   ClientConnection.obj
 0002:00017540       ?RestoreBufferStep2@ClientConnection@@AAEPAEPAEHPAH@Z 004c8540 f   ClientConnection.obj
 0002:000175a0       ?GetFriendlySizeString@ClientConnection@@AAEX_JPAD@Z 004c85a0 f   ClientConnection.obj
 0002:00017760       ?UpdateStatusFields@ClientConnection@@AAEXXZ 004c8760 f   ClientConnection.obj
 0002:00017d30       ?GTGBS_ScrollToolbar@ClientConnection@@QAEXHH@Z 004c8d30 f   ClientConnection.obj
 0002:00017d40       ?GTGBS_CreateDisplay@ClientConnection@@QAEXXZ 004c8d40 f   ClientConnection.obj
 0002:00017eb0       ?GTGBS_ShowStatusWindow@ClientConnection@@CGJPAX@Z 004c8eb0 f   ClientConnection.obj
 0002:00017f00       ?GTGBS_StatusProc@ClientConnection@@CGJPAUHWND__@@IIJ@Z 004c8f00 f   ClientConnection.obj
 0002:00018400       ?GTGBS_SendCustomKey_proc@ClientConnection@@CGJPAUHWND__@@IIJ@Z 004c9400 f   ClientConnection.obj
 0002:00018600       ?WndProc@ClientConnection@@CGJPAUHWND__@@IIJ@Z 004c9600 f   ClientConnection.obj
 0002:0001b190       ?WndProcTBwin@ClientConnection@@CGJPAUHWND__@@IIJ@Z 004cc190 f   ClientConnection.obj
 0002:0001b8e0       ?WndProchwnd@ClientConnection@@CGJPAUHWND__@@IIJ@Z 004cc8e0 f   ClientConnection.obj
 0002:0001c5a0       ?ConvertAll@ClientConnection@@AAEXHHHHHPAE0H@Z 004cd5a0 f   ClientConnection.obj
 0002:0001c660       ?Copybuffer@ClientConnection@@AAEXHHHHHPAE0H@Z 004cd660 f   ClientConnection.obj
 0002:0001c730       ?Copyto0buffer@ClientConnection@@AAEXHHHHHPAE0H@Z 004cd730 f   ClientConnection.obj
 0002:0001c7f0       ?Copyfrom0buffer@ClientConnection@@AAEXHHHHHPAE0H@Z 004cd7f0 f   ClientConnection.obj
 0002:0001c8b0       ?Switchbuffer@ClientConnection@@AAEXHHHHHPAE0H@Z 004cd8b0 f   ClientConnection.obj
 0002:0001c9d0       ?ConvertPixel@ClientConnection@@AAEXHHHPAE0H@Z 004cd9d0 f   ClientConnection.obj
 0002:0001ca50       ?ConvertPixel_to_bpp_from_32@ClientConnection@@AAEXHHHPAE0H@Z 004cda50 f   ClientConnection.obj
 0002:0001cc80       ?SolidColor@ClientConnection@@AAEXHHHHHPAE0H@Z 004cdc80 f   ClientConnection.obj
 0002:0001cd50       ?Check_Rectangle_borders@ClientConnection@@AAE_NHHHH@Z 004cdd50 f   ClientConnection.obj
 0002:0001cdd0       ?SendKeepAlive@ClientConnection@@QAEX_N0@Z 004cddd0 f   ClientConnection.obj
 0002:0001ce30       ?Internal_SendKeepAlive@ClientConnection@@QAEX_N@Z 004cde30 f   ClientConnection.obj
 0002:0001cfd0       ??0PendingMouseMove@ClientConnection@@QAE@XZ 004cdfd0 f   ClientConnection.obj
 0002:0001d020       ?NotifyPluginStreamingSupport@ClientConnection@@AAEXXZ 004ce020 f   ClientConnection.obj
 0002:0001d060       ?DialogProc@@YGHPAUHWND__@@IIJ@Z 004ce060 f   ClientConnection.obj
 0002:00022740       ?run@omni_thread@@EAEXPAX@Z 004d3740 f i ClientConnection.obj
 0002:00022750       ??_EClientConnection@@UAEPAXI@Z 004d3750 f i ClientConnection.obj
 0002:00022750       ??_GClientConnection@@UAEPAXI@Z 004d3750 f i ClientConnection.obj
 0002:00022790       ??1Clipboard@@QAE@XZ       004d3790 f i ClientConnection.obj
 0002:00022820       ?Print@Log@@QAAXHPADZZ     004d3820 f i ClientConnection.obj
 0002:00022860       ?GetSafeHwnd@CTitleBar@@QAEPAUHWND__@@XZ 004d3860 f i ClientConnection.obj
 0002:00022880       ?SetWindowHandle@AccelKeys@@QAEXPAUHWND__@@@Z 004d3880 f i ClientConnection.obj
 0002:000228a0       ?IsLoaded@CDSMPlugin@@QAE_NXZ 004d38a0 f i ClientConnection.obj
 0002:000228c0       ?IsEnabled@CDSMPlugin@@QAE_NXZ 004d38c0 f i ClientConnection.obj
 0002:000228e0       ??0WarningException@@QAE@ABV0@@Z 004d38e0 f i ClientConnection.obj
 0002:00022920       ??0Exception@@QAE@ABV0@@Z  004d3920 f i ClientConnection.obj
 0002:00022960       ??_GWarningException@@UAEPAXI@Z 004d3960 f i ClientConnection.obj
 0002:00022960       ??_EWarningException@@UAEPAXI@Z 004d3960 f i ClientConnection.obj
 0002:000229a0       ??_GException@@UAEPAXI@Z   004d39a0 f i ClientConnection.obj
 0002:000229a0       ??_EException@@UAEPAXI@Z   004d39a0 f i ClientConnection.obj
 0002:000229e0       ??0QuietException@@QAE@ABV0@@Z 004d39e0 f i ClientConnection.obj
 0002:00022a10       ??_GQuietException@@UAEPAXI@Z 004d3a10 f i ClientConnection.obj
 0002:00022a10       ??_EQuietException@@UAEPAXI@Z 004d3a10 f i ClientConnection.obj
 0002:00022a50       ?SetDSMMode@FdInStream@rdr@@QAEX_N@Z 004d3a50 f i ClientConnection.obj
 0002:00022a70       ??1?$_Vector_iterator@V?$_Vector_val@KV?$allocator@K@std@@@std@@@std@@QAE@XZ 004d3a70 f i ClientConnection.obj
 0002:00022a90       ??1?$_Vector_iterator@V?$_Vector_val@EV?$allocator@E@std@@@std@@@std@@QAE@XZ 004d3a90 f i ClientConnection.obj
 0002:00022ab0       ??1?$_Vector_const_iterator@V?$_Vector_val@KV?$allocator@K@std@@@std@@@std@@QAE@XZ 004d3ab0 f i ClientConnection.obj
 0002:00022ad0       ??1?$_Vector_const_iterator@V?$_Vector_val@EV?$allocator@E@std@@@std@@@std@@QAE@XZ 004d3ad0 f i ClientConnection.obj
 0002:00022af0       ??1?$_Iterator012@Urandom_access_iterator_tag@std@@KHPBKABKU_Iterator_base12@2@@std@@QAE@XZ 004d3af0 f i ClientConnection.obj
 0002:00022b10       ??1_Iterator_base12@std@@QAE@XZ 004d3b10 f i ClientConnection.obj
 0002:00022b90       ?_Orphan_me@_Iterator_base12@std@@QAEXXZ 004d3b90 f i ClientConnection.obj
 0002:00022c20       ??1?$_Iterator012@Urandom_access_iterator_tag@std@@EHPBEABEU_Iterator_base12@2@@std@@QAE@XZ 004d3c20 f i ClientConnection.obj
 0002:00022c40       ??0ErrorException@@QAE@ABV0@@Z 004d3c40 f i ClientConnection.obj
 0002:00022c70       ??_EErrorException@@UAEPAXI@Z 004d3c70 f i ClientConnection.obj
 0002:00022c70       ??_GErrorException@@UAEPAXI@Z 004d3c70 f i ClientConnection.obj
 0002:00022cb0       ?GetPluginName@CDSMPlugin@@QAEPADXZ 004d3cb0 f i ClientConnection.obj
 0002:00022cd0       ?GetPluginVersion@CDSMPlugin@@QAEPADXZ 004d3cd0 f i ClientConnection.obj
 0002:00022cf0       ?GetPluginAuthor@CDSMPlugin@@QAEPADXZ 004d3cf0 f i ClientConnection.obj
 0002:00022d10       ??0omni_mutex_lock@@QAE@AAVomni_mutex@@@Z 004d3d10 f i ClientConnection.obj
 0002:00022d40       ??1omni_mutex_lock@@QAE@XZ 004d3d40 f i ClientConnection.obj
 0002:00022d60       ??0TempDC@@QAE@PAUHWND__@@@Z 004d3d60 f i ClientConnection.obj
 0002:00022da0       ??1TempDC@@QAE@XZ          004d3da0 f i ClientConnection.obj
 0002:00022dd0       ??BTempDC@@QAEPAUHDC__@@XZ 004d3dd0 f i ClientConnection.obj
 0002:00022df0       ??0ObjectSelector@@QAE@PAUHDC__@@PAX@Z 004d3df0 f i ClientConnection.obj
 0002:00022e30       ??1ObjectSelector@@QAE@XZ  004d3e30 f i ClientConnection.obj
 0002:00022e60       ??_GKeyMap@@QAEPAXI@Z      004d3e60 f i ClientConnection.obj
 0002:00022ea0       ??1KeyMap@@QAE@XZ          004d3ea0 f i ClientConnection.obj
 0002:00023190       ??1?$map@_WKU?$less@_W@std@@V?$allocator@U?$pair@$$CB_WK@std@@@2@@std@@QAE@XZ 004d4190 f i ClientConnection.obj
 0002:000231b0       ??1?$map@K_WU?$less@K@std@@V?$allocator@U?$pair@$$CBK_W@std@@@2@@std@@QAE@XZ 004d41b0 f i ClientConnection.obj
 0002:000231d0       ?SubProcessPointerEvent@ClientConnection@@AAEXHHK@Z 004d41d0 f i ClientConnection.obj
 0002:000234b0       ?SendPointerEvent@ClientConnection@@AAEXHHH@Z 004d44b0 f i ClientConnection.obj
 0002:00023610       ?UsingOldProtocol@FileTransfer@@QAE_NXZ 004d4610 f i ClientConnection.obj
 0002:00023640       ?UpdateScrollbars@ClientConnection@@AAEXXZ 004d4640 f i ClientConnection.obj
 0002:00023770       ?readU8@InStream@rdr@@QAEEXZ 004d4770 f i ClientConnection.obj
 0002:000237c0       ?check@InStream@rdr@@QAEHHH@Z 004d47c0 f i ClientConnection.obj
 0002:00023840       ?ReadScreenUpdate@ClientConnection@@AAEXXZ 004d4840 f i ClientConnection.obj
 0002:00025640       ?GetReadFromMemoryBuffer@FdInStream@rdr@@QAE_NXZ 004d6640 f i ClientConnection.obj
 0002:00025660       ??0omni_mutex_conditional_lock@@QAE@AAVomni_mutex@@_N@Z 004d6660 f i ClientConnection.obj
 0002:000256b0       ??1omni_mutex_conditional_lock@@QAE@XZ 004d66b0 f i ClientConnection.obj
 0002:000256e0       ??0EndOfStream@rdr@@QAE@ABU01@@Z 004d66e0 f i ClientConnection.obj
 0002:00025710       ?str@Exception@rdr@@UBEPBDXZ 004d6710 f i ClientConnection.obj
 0002:00025730       ??0Exception@rdr@@QAE@ABU01@@Z 004d6730 f i ClientConnection.obj
 0002:00025770       ?CheckNetRectBufferSize@ClientConnection@@AAEXH@Z 004d6770 f i ClientConnection.obj
 0002:00025880       ?CheckZRLENetRectBufferSize@ClientConnection@@AAEXH@Z 004d6880 f i ClientConnection.obj
 0002:00025990       ?GetBytesRead@FdInStream@rdr@@QAE_JXZ 004d6990 f i ClientConnection.obj
 0002:000259b0       ?ProcessMouseWheel@ClientConnection@@AAEXH@Z 004d69b0 f i ClientConnection.obj
 0002:00025a70       ?ProcessKeyEvent@ClientConnection@@AAEXHK@Z 004d6a70 f i ClientConnection.obj
 0002:00025e20       ?SendKeyEvent@ClientConnection@@QAEXK_N@Z 004d6e20 f i ClientConnection.obj
 0002:00025f20       ??0PaletteSelector@@QAE@PAUHDC__@@PAUHPALETTE__@@@Z 004d6f20 f i ClientConnection.obj
 0002:00025f90       ??1PaletteSelector@@QAE@XZ 004d6f90 f i ClientConnection.obj
 0002:00025fe0       ?ProcessPointerEvent@ClientConnection@@AAE_NHHKI@Z 004d6fe0 f i ClientConnection.obj
 0002:00026460       ?ShouldThrottle@PendingMouseMove@ClientConnection@@QAE_N_N@Z 004d7460 f i ClientConnection.obj
 0002:000264b0       ?DoBlit@ClientConnection@@AAEXXZ 004d74b0 f i ClientConnection.obj
 0002:00026760       ??0?$basic_string@DU?$char_traits@D@std@@V?$allocator@D@2@@std@@QAE@PBD@Z 004d7760 f i ClientConnection.obj
 0002:00026800       ??1?$basic_string@DU?$char_traits@D@std@@V?$allocator@D@2@@std@@QAE@XZ 004d7800 f i ClientConnection.obj
 0002:00026870       ??4?$basic_string@DU?$char_traits@D@std@@V?$allocator@D@2@@std@@QAEAAV01@ABV01@@Z 004d7870 f i ClientConnection.obj
 0002:00026890       ??4?$basic_string@DU?$char_traits@D@std@@V?$allocator@D@2@@std@@QAEAAV01@PBD@Z 004d7890 f i ClientConnection.obj
 0002:000268b0       ?empty@?$basic_string@DU?$char_traits@D@std@@V?$allocator@D@2@@std@@QBE_NXZ 004d78b0 f i ClientConnection.obj
 0002:000268d0       ?compare@?$basic_string@DU?$char_traits@D@std@@V?$allocator@D@2@@std@@QBEHABV12@@Z 004d78d0 f i ClientConnection.obj
 0002:00026910       ?size@?$basic_string@DU?$char_traits@D@std@@V?$allocator@D@2@@std@@QBEIXZ 004d7910 f i ClientConnection.obj
 0002:00026930       ??1?$_Tree@V?$_Tmap_traits@_WKU?$less@_W@std@@V?$allocator@U?$pair@$$CB_WK@std@@@2@$0A@@std@@@std@@QAE@XZ 004d7930 f i ClientConnection.obj
 0002:000269a0       ??1?$_Tree@V?$_Tmap_traits@K_WU?$less@K@std@@V?$allocator@U?$pair@$$CBK_W@std@@@2@$0A@@std@@@std@@QAE@XZ 004d79a0 f i ClientConnection.obj
 0002:00026a10       ??0?$vector@KV?$allocator@K@std@@@std@@QAE@XZ 004d7a10 f i ClientConnection.obj
 0002:00026a40       ??1?$vector@KV?$allocator@K@std@@@std@@QAE@XZ 004d7a40 f i ClientConnection.obj
 0002:00026ab0       ?begin@?$vector@KV?$allocator@K@std@@@std@@QAE?AV?$_Vector_iterator@V?$_Vector_val@KV?$allocator@K@std@@@std@@@2@XZ 004d7ab0 f i ClientConnection.obj
 0002:00026b00       ?end@?$vector@KV?$allocator@K@std@@@std@@QAE?AV?$_Vector_iterator@V?$_Vector_val@KV?$allocator@K@std@@@std@@@2@XZ 004d7b00 f i ClientConnection.obj
 0002:00026b50       ?size@?$vector@KV?$allocator@K@std@@@std@@QBEIXZ 004d7b50 f i ClientConnection.obj
 0002:00026b70       ?push_back@?$vector@KV?$allocator@K@std@@@std@@QAEXABK@Z 004d7b70 f i ClientConnection.obj
 0002:00026cb0       ??0?$vector@EV?$allocator@E@std@@@std@@QAE@XZ 004d7cb0 f i ClientConnection.obj
 0002:00026ce0       ?push_back@?$vector@EV?$allocator@E@std@@@std@@QAEX$$QAE@Z 004d7ce0 f i ClientConnection.obj
 0002:00026e30       ??1?$vector@EV?$allocator@E@std@@@std@@QAE@XZ 004d7e30 f i ClientConnection.obj
 0002:00026ea0       ?begin@?$vector@EV?$allocator@E@std@@@std@@QAE?AV?$_Vector_iterator@V?$_Vector_val@EV?$allocator@E@std@@@std@@@2@XZ 004d7ea0 f i ClientConnection.obj
 0002:00026ef0       ?end@?$vector@EV?$allocator@E@std@@@std@@QAE?AV?$_Vector_iterator@V?$_Vector_val@EV?$allocator@E@std@@@std@@@2@XZ 004d7ef0 f i ClientConnection.obj
 0002:00026f40       ?empty@?$vector@EV?$allocator@E@std@@@std@@QBE_NXZ 004d7f40 f i ClientConnection.obj
 0002:00026f70       ?push_back@?$vector@EV?$allocator@E@std@@@std@@QAEXABE@Z 004d7f70 f i ClientConnection.obj
 0002:000270b0       ??9?$_Vector_const_iterator@V?$_Vector_val@KV?$allocator@K@std@@@std@@@std@@QBE_NABV01@@Z 004d80b0 f i ClientConnection.obj
 0002:000270e0       ??D?$_Vector_iterator@V?$_Vector_val@EV?$allocator@E@std@@@std@@@std@@QBEAAEXZ 004d80e0 f i ClientConnection.obj
 0002:00027100       ??E?$_Vector_iterator@V?$_Vector_val@EV?$allocator@E@std@@@std@@@std@@QAE?AV01@H@Z 004d8100 f i ClientConnection.obj
 0002:000271a0       ??9?$_Vector_const_iterator@V?$_Vector_val@EV?$allocator@E@std@@@std@@@std@@QBE_NABV01@@Z 004d81a0 f i ClientConnection.obj
 0002:000271d0       ??0?$_Vector_iterator@V?$_Vector_val@EV?$allocator@E@std@@@std@@@std@@QAE@ABV01@@Z 004d81d0 f i ClientConnection.obj
 0002:00027200       ??0?$_Vector_const_iterator@V?$_Vector_val@EV?$allocator@E@std@@@std@@@std@@QAE@ABV01@@Z 004d8200 f i ClientConnection.obj
 0002:00027240       ??0?$_Iterator012@Urandom_access_iterator_tag@std@@EHPBEABEU_Iterator_base12@2@@std@@QAE@ABU01@@Z 004d8240 f i ClientConnection.obj
 0002:00027270       ??0_Iterator_base12@std@@QAE@ABU01@@Z 004d8270 f i ClientConnection.obj
 0002:000272b0       ??4_Iterator_base12@std@@QAEAAU01@ABU01@@Z 004d82b0 f i ClientConnection.obj
 0002:000272f0       ?_Adopt@_Iterator_base12@std@@QAEXPBU_Container_base12@2@@Z 004d82f0 f i ClientConnection.obj
 0002:000273b0       ?assign@?$basic_string@DU?$char_traits@D@std@@V?$allocator@D@2@@std@@QAEAAV12@ABV12@@Z 004d83b0 f i ClientConnection.obj
 0002:000273e0       ?assign@?$basic_string@DU?$char_traits@D@std@@V?$allocator@D@2@@std@@QAEAAV12@PBD@Z 004d83e0 f i ClientConnection.obj
 0002:00027430       ?length@?$char_traits@D@std@@SAIPBD@Z 004d8430 f i ClientConnection.obj
 0002:00027450       ?compare@?$basic_string@DU?$char_traits@D@std@@V?$allocator@D@2@@std@@QBEHIIPBDI@Z 004d8450 f i ClientConnection.obj
 0002:00027550       ?compare@?$char_traits@D@std@@SAHPBD0I@Z 004d8550 f i ClientConnection.obj
 0002:00027570       ?_Tidy@?$basic_string@DU?$char_traits@D@std@@V?$allocator@D@2@@std@@QAEX_NI@Z 004d8570 f i ClientConnection.obj
 0002:00027610       ?copy@?$char_traits@D@std@@SAPADPADPBDI@Z 004d8610 f i ClientConnection.obj
 0002:00027630       ?_Myptr@?$basic_string@DU?$char_traits@D@std@@V?$allocator@D@2@@std@@QBEPBDXZ 004d8630 f i ClientConnection.obj
 0002:00027670       ??0?$_String_val@DV?$allocator@D@std@@@std@@QAE@V?$allocator@D@1@@Z 004d8670 f i ClientConnection.obj
 0002:00027740       ??0_Container_proxy@std@@QAE@XZ 004d8740 f i ClientConnection.obj
 0002:00027770       ??0_Container_base12@std@@QAE@XZ 004d8770 f i ClientConnection.obj
 0002:00027790       ??1_Container_base12@std@@QAE@XZ 004d8790 f i ClientConnection.obj
 0002:000277b0       ?_Orphan_all@_Container_base12@std@@QAEXXZ 004d87b0 f i ClientConnection.obj
 0002:00027830       ??1?$_String_val@DV?$allocator@D@std@@@std@@QAE@XZ 004d8830 f i ClientConnection.obj
 0002:000278f0       ??0?$allocator@D@std@@QAE@XZ 004d88f0 f i ClientConnection.obj
 0002:00027910       ??0?$allocator@D@std@@QAE@ABV01@@Z 004d8910 f i ClientConnection.obj
 0002:00027930       ?_Tidy@?$_Tree@V?$_Tmap_traits@_WKU?$less@_W@std@@V?$allocator@U?$pair@$$CB_WK@std@@@2@$0A@@std@@@std@@IAEXXZ 004d8930 f i ClientConnection.obj
 0002:00027a40       ??1?$_Tree_val@V?$_Tmap_traits@_WKU?$less@_W@std@@V?$allocator@U?$pair@$$CB_WK@std@@@2@$0A@@std@@@std@@QAE@XZ 004d8a40 f i ClientConnection.obj
 0002:00027ac0       ?_Tidy@?$_Tree@V?$_Tmap_traits@K_WU?$less@K@std@@V?$allocator@U?$pair@$$CBK_W@std@@@2@$0A@@std@@@std@@IAEXXZ 004d8ac0 f i ClientConnection.obj
 0002:00027bd0       ??1?$_Tree_val@V?$_Tmap_traits@K_WU?$less@K@std@@V?$allocator@U?$pair@$$CBK_W@std@@@2@$0A@@std@@@std@@QAE@XZ 004d8bd0 f i ClientConnection.obj
 0002:00027c50       ?_Inside@?$vector@KV?$allocator@K@std@@@std@@IBE_NPBK@Z 004d8c50 f i ClientConnection.obj
 0002:00027ca0       ?_Reserve@?$vector@KV?$allocator@K@std@@@std@@IAEXI@Z 004d8ca0 f i ClientConnection.obj
 0002:00027d20       ?_Tidy@?$vector@KV?$allocator@K@std@@@std@@IAEXXZ 004d8d20 f i ClientConnection.obj
 0002:00027db0       ?_Orphan_range@?$vector@KV?$allocator@K@std@@@std@@IBEXPAK0@Z 004d8db0 f i ClientConnection.obj
 0002:00027ea0       ?_Getpfirst@_Container_base12@std@@QBEPAPAU_Iterator_base12@2@XZ 004d8ea0 f i ClientConnection.obj
 0002:00027ee0       ?_Clrcont@_Iterator_base12@std@@QAEXXZ 004d8ee0 f i ClientConnection.obj
 0002:00027f00       ?_Getpnext@_Iterator_base12@std@@QAEPAPAU12@XZ 004d8f00 f i ClientConnection.obj
 0002:00027f20       ??0?$_Vector_val@KV?$allocator@K@std@@@std@@QAE@V?$allocator@K@1@@Z 004d8f20 f i ClientConnection.obj
 0002:00028020       ??1?$_Vector_val@KV?$allocator@K@std@@@std@@QAE@XZ 004d9020 f i ClientConnection.obj
 0002:000280e0       ??0?$allocator@K@std@@QAE@XZ 004d90e0 f i ClientConnection.obj
 0002:00028100       ?_Inside@?$vector@EV?$allocator@E@std@@@std@@IBE_NPBE@Z 004d9100 f i ClientConnection.obj
 0002:00028150       ?_Reserve@?$vector@EV?$allocator@E@std@@@std@@IAEXI@Z 004d9150 f i ClientConnection.obj
 0002:000281d0       ?_Tidy@?$vector@EV?$allocator@E@std@@@std@@IAEXXZ 004d91d0 f i ClientConnection.obj
 0002:00028260       ?_Orphan_range@?$vector@EV?$allocator@E@std@@@std@@IBEXPAE0@Z 004d9260 f i ClientConnection.obj
 0002:00028350       ??0?$_Vector_val@EV?$allocator@E@std@@@std@@QAE@V?$allocator@E@1@@Z 004d9350 f i ClientConnection.obj
 0002:00028450       ??1?$_Vector_val@EV?$allocator@E@std@@@std@@QAE@XZ 004d9450 f i ClientConnection.obj
 0002:00028510       ??0?$allocator@E@std@@QAE@XZ 004d9510 f i ClientConnection.obj
 0002:00028530       ??0?$_Vector_iterator@V?$_Vector_val@KV?$allocator@K@std@@@std@@@std@@QAE@PAKPBU_Container_base12@1@@Z 004d9530 f i ClientConnection.obj
 0002:00028560       ??8?$_Vector_const_iterator@V?$_Vector_val@KV?$allocator@K@std@@@std@@@std@@QBE_NABV01@@Z 004d9560 f i ClientConnection.obj
 0002:000285a0       ??0?$_Vector_iterator@V?$_Vector_val@EV?$allocator@E@std@@@std@@@std@@QAE@PAEPBU_Container_base12@1@@Z 004d95a0 f i ClientConnection.obj
 0002:000285d0       ??E?$_Vector_iterator@V?$_Vector_val@EV?$allocator@E@std@@@std@@@std@@QAEAAV01@XZ 004d95d0 f i ClientConnection.obj
 0002:000285f0       ??D?$_Vector_const_iterator@V?$_Vector_val@EV?$allocator@E@std@@@std@@@std@@QBEABEXZ 004d95f0 f i ClientConnection.obj
 0002:000286d0       ?_Getcont@_Iterator_base12@std@@QBEPBU_Container_base12@2@XZ 004d96d0 f i ClientConnection.obj
 0002:00028710       ??8?$_Vector_const_iterator@V?$_Vector_val@EV?$allocator@E@std@@@std@@@std@@QBE_NABV01@@Z 004d9710 f i ClientConnection.obj
 0002:00028750       ??1?$_Tree_iterator@V?$_Tree_val@V?$_Tmap_traits@_WKU?$less@_W@std@@V?$allocator@U?$pair@$$CB_WK@std@@@2@$0A@@std@@@std@@@std@@QAE@XZ 004d9750 f i ClientConnection.obj
 0002:00028770       ??0?$_Tree_const_iterator@V?$_Tree_val@V?$_Tmap_traits@_WKU?$less@_W@std@@V?$allocator@U?$pair@$$CB_WK@std@@@2@$0A@@std@@@std@@@std@@QAE@ABV01@@Z 004d9770 f i ClientConnection.obj
 0002:000287a0       ??1?$_Tree_const_iterator@V?$_Tree_val@V?$_Tmap_traits@_WKU?$less@_W@std@@V?$allocator@U?$pair@$$CB_WK@std@@@2@$0A@@std@@@std@@@std@@QAE@XZ 004d97a0 f i ClientConnection.obj
 0002:000287c0       ??1?$_Tree_iterator@V?$_Tree_val@V?$_Tmap_traits@K_WU?$less@K@std@@V?$allocator@U?$pair@$$CBK_W@std@@@2@$0A@@std@@@std@@@std@@QAE@XZ 004d97c0 f i ClientConnection.obj
 0002:000287e0       ??0?$_Tree_const_iterator@V?$_Tree_val@V?$_Tmap_traits@K_WU?$less@K@std@@V?$allocator@U?$pair@$$CBK_W@std@@@2@$0A@@std@@@std@@@std@@QAE@ABV01@@Z 004d97e0 f i ClientConnection.obj
 0002:00028810       ??1?$_Tree_const_iterator@V?$_Tree_val@V?$_Tmap_traits@K_WU?$less@K@std@@V?$allocator@U?$pair@$$CBK_W@std@@@2@$0A@@std@@@std@@@std@@QAE@XZ 004d9810 f i ClientConnection.obj
 0002:00028830       ??0?$_Tree_unchecked_const_iterator@V?$_Tree_val@V?$_Tmap_traits@_WKU?$less@_W@std@@V?$allocator@U?$pair@$$CB_WK@std@@@2@$0A@@std@@@std@@U_Iterator_base12@2@@std@@QAE@ABV01@@Z 004d9830 f i ClientConnection.obj
 0002:00028870       ??1?$_Tree_unchecked_const_iterator@V?$_Tree_val@V?$_Tmap_traits@_WKU?$less@_W@std@@V?$allocator@U?$pair@$$CB_WK@std@@@2@$0A@@std@@@std@@U_Iterator_base12@2@@std@@QAE@XZ 004d9870 f i ClientConnection.obj
 0002:00028890       ??0?$_Tree_unchecked_const_iterator@V?$_Tree_val@V?$_Tmap_traits@K_WU?$less@K@std@@V?$allocator@U?$pair@$$CBK_W@std@@@2@$0A@@std@@@std@@U_Iterator_base12@2@@std@@QAE@ABV01@@Z 004d9890 f i ClientConnection.obj
 0002:000288d0       ??1?$_Tree_unchecked_const_iterator@V?$_Tree_val@V?$_Tmap_traits@K_WU?$less@K@std@@V?$allocator@U?$pair@$$CBK_W@std@@@2@$0A@@std@@@std@@U_Iterator_base12@2@@std@@QAE@XZ 004d98d0 f i ClientConnection.obj
 0002:000288f0       ??0?$_Iterator012@Ubidirectional_iterator_tag@std@@U?$pair@$$CB_WK@2@HPBU32@ABU32@U_Iterator_base12@2@@std@@QAE@ABU01@@Z 004d98f0 f i ClientConnection.obj
 0002:00028920       ??1?$_Iterator012@Ubidirectional_iterator_tag@std@@U?$pair@$$CB_WK@2@HPBU32@ABU32@U_Iterator_base12@2@@std@@QAE@XZ 004d9920 f i ClientConnection.obj
 0002:00028940       ??0?$_Iterator012@Ubidirectional_iterator_tag@std@@U?$pair@$$CBK_W@2@HPBU32@ABU32@U_Iterator_base12@2@@std@@QAE@ABU01@@Z 004d9940 f i ClientConnection.obj
 0002:00028970       ??1?$_Iterator012@Ubidirectional_iterator_tag@std@@U?$pair@$$CBK_W@2@HPBU32@ABU32@U_Iterator_base12@2@@std@@QAE@XZ 004d9970 f i ClientConnection.obj
 0002:00028990       ?assign@?$basic_string@DU?$char_traits@D@std@@V?$allocator@D@2@@std@@QAEAAV12@ABV12@II@Z 004d9990 f i ClientConnection.obj
 0002:00028a70       ?assign@?$basic_string@DU?$char_traits@D@std@@V?$allocator@D@2@@std@@QAEAAV12@PBDI@Z 004d9a70 f i ClientConnection.obj
 0002:00028b30       ?_Eos@?$basic_string@DU?$char_traits@D@std@@V?$allocator@D@2@@std@@QAEXI@Z 004d9b30 f i ClientConnection.obj
 0002:00028b80       ?assign@?$char_traits@D@std@@SAXAADABD@Z 004d9b80 f i ClientConnection.obj
 0002:00028ba0       ?_Myptr@?$basic_string@DU?$char_traits@D@std@@V?$allocator@D@2@@std@@QAEPADXZ 004d9ba0 f i ClientConnection.obj
 0002:00028be0       ?_Xran@?$basic_string@DU?$char_traits@D@std@@V?$allocator@D@2@@std@@QBEXXZ 004d9be0 f i ClientConnection.obj
 0002:00028c00       ?deallocate@?$allocator@D@std@@QAEXPADI@Z 004d9c00 f i ClientConnection.obj
 0002:00028c20       ?begin@?$_Tree@V?$_Tmap_traits@_WKU?$less@_W@std@@V?$allocator@U?$pair@$$CB_WK@std@@@2@$0A@@std@@@std@@QAE?AV?$_Tree_iterator@V?$_Tree_val@V?$_Tmap_traits@_WKU?$less@_W@std@@V?$allocator@U?$pair@$$CB_WK@std@@@2@$0A@@std@@@std@@@2@XZ 004d9c20 f i ClientConnection.obj
 0002:00028c70       ?end@?$_Tree@V?$_Tmap_traits@_WKU?$less@_W@std@@V?$allocator@U?$pair@$$CB_WK@std@@@2@$0A@@std@@@std@@QAE?AV?$_Tree_iterator@V?$_Tree_val@V?$_Tmap_traits@_WKU?$less@_W@std@@V?$allocator@U?$pair@$$CB_WK@std@@@2@$0A@@std@@@std@@@2@XZ 004d9c70 f i ClientConnection.obj
 0002:00028cc0       ?erase@?$_Tree@V?$_Tmap_traits@_WKU?$less@_W@std@@V?$allocator@U?$pair@$$CB_WK@std@@@2@$0A@@std@@@std@@QAE?AV?$_Tree_iterator@V?$_Tree_val@V?$_Tmap_traits@_WKU?$less@_W@std@@V?$allocator@U?$pair@$$CB_WK@std@@@2@$0A@@std@@@std@@@2@V?$_Tree_const_iterator@V?$_Tree_val@V?$_Tmap_traits@_WKU?$less@_W@std@@V?$allocator@U?$pair@$$CB_WK@std@@@2@$0A@@std@@@std@@@2@0@Z 004d9cc0 f i ClientConnection.obj
 0002:00028f10       ??1?$_Tree_nod@V?$_Tmap_traits@_WKU?$less@_W@std@@V?$allocator@U?$pair@$$CB_WK@std@@@2@$0A@@std@@@std@@QAE@XZ 004d9f10 f i ClientConnection.obj
 0002:00028fd0       ?deallocate@?$allocator@U_Node@?$_Tree_nod@V?$_Tmap_traits@_WKU?$less@_W@std@@V?$allocator@U?$pair@$$CB_WK@std@@@2@$0A@@std@@@std@@@std@@QAEXPAU_Node@?$_Tree_nod@V?$_Tmap_traits@_WKU?$less@_W@std@@V?$allocator@U?$pair@$$CB_WK@std@@@2@$0A@@std@@@2@I@Z 004d9fd0 f i ClientConnection.obj
 0002:00028ff0       ?begin@?$_Tree@V?$_Tmap_traits@K_WU?$less@K@std@@V?$allocator@U?$pair@$$CBK_W@std@@@2@$0A@@std@@@std@@QAE?AV?$_Tree_iterator@V?$_Tree_val@V?$_Tmap_traits@K_WU?$less@K@std@@V?$allocator@U?$pair@$$CBK_W@std@@@2@$0A@@std@@@std@@@2@XZ 004d9ff0 f i ClientConnection.obj
 0002:00029040       ?end@?$_Tree@V?$_Tmap_traits@K_WU?$less@K@std@@V?$allocator@U?$pair@$$CBK_W@std@@@2@$0A@@std@@@std@@QAE?AV?$_Tree_iterator@V?$_Tree_val@V?$_Tmap_traits@K_WU?$less@K@std@@V?$allocator@U?$pair@$$CBK_W@std@@@2@$0A@@std@@@std@@@2@XZ 004da040 f i ClientConnection.obj
 0002:00029090       ?erase@?$_Tree@V?$_Tmap_traits@K_WU?$less@K@std@@V?$allocator@U?$pair@$$CBK_W@std@@@2@$0A@@std@@@std@@QAE?AV?$_Tree_iterator@V?$_Tree_val@V?$_Tmap_traits@K_WU?$less@K@std@@V?$allocator@U?$pair@$$CBK_W@std@@@2@$0A@@std@@@std@@@2@V?$_Tree_const_iterator@V?$_Tree_val@V?$_Tmap_traits@K_WU?$less@K@std@@V?$allocator@U?$pair@$$CBK_W@std@@@2@$0A@@std@@@std@@@2@0@Z 004da090 f i ClientConnection.obj
 0002:000292e0       ??1?$_Tree_nod@V?$_Tmap_traits@K_WU?$less@K@std@@V?$allocator@U?$pair@$$CBK_W@std@@@2@$0A@@std@@@std@@QAE@XZ 004da2e0 f i ClientConnection.obj
 0002:000293a0       ?deallocate@?$allocator@U_Node@?$_Tree_nod@V?$_Tmap_traits@K_WU?$less@K@std@@V?$allocator@U?$pair@$$CBK_W@std@@@2@$0A@@std@@@std@@@std@@QAEXPAU_Node@?$_Tree_nod@V?$_Tmap_traits@K_WU?$less@K@std@@V?$allocator@U?$pair@$$CBK_W@std@@@2@$0A@@std@@@2@I@Z 004da3a0 f i ClientConnection.obj
 0002:000293c0       ?reserve@?$vector@KV?$allocator@K@std@@@std@@QAEXI@Z 004da3c0 f i ClientConnection.obj
 0002:00029570       ?capacity@?$vector@KV?$allocator@K@std@@@std@@QBEIXZ 004da570 f i ClientConnection.obj
 0002:00029590       ?max_size@?$vector@KV?$allocator@K@std@@@std@@QBEIXZ 004da590 f i ClientConnection.obj
 0002:000295b0       ?_Destroy@?$vector@KV?$allocator@K@std@@@std@@IAEXPAK0@Z 004da5b0 f i ClientConnection.obj
 0002:000295e0       ?_Grow_to@?$vector@KV?$allocator@K@std@@@std@@IBEII@Z 004da5e0 f i ClientConnection.obj
 0002:00029650       ?_Xlen@?$vector@KV?$allocator@K@std@@@std@@IBEXXZ 004da650 f i ClientConnection.obj
 0002:00029670       ??0?$allocator@K@std@@QAE@ABV01@@Z 004da670 f i ClientConnection.obj
 0002:00029690       ?deallocate@?$allocator@K@std@@QAEXPAKI@Z 004da690 f i ClientConnection.obj
 0002:000296b0       ?reserve@?$vector@EV?$allocator@E@std@@@std@@QAEXI@Z 004da6b0 f i ClientConnection.obj
 0002:00029850       ?capacity@?$vector@EV?$allocator@E@std@@@std@@QBEIXZ 004da850 f i ClientConnection.obj
 0002:00029870       ?size@?$vector@EV?$allocator@E@std@@@std@@QBEIXZ 004da870 f i ClientConnection.obj
 0002:00029890       ?max_size@?$vector@EV?$allocator@E@std@@@std@@QBEIXZ 004da890 f i ClientConnection.obj
 0002:000298b0       ?_Destroy@?$vector@EV?$allocator@E@std@@@std@@IAEXPAE0@Z 004da8b0 f i ClientConnection.obj
 0002:000298e0       ?_Grow_to@?$vector@EV?$allocator@E@std@@@std@@IBEII@Z 004da8e0 f i ClientConnection.obj
 0002:00029950       ?_Xlen@?$vector@EV?$allocator@E@std@@@std@@IBEXXZ 004da950 f i ClientConnection.obj
 0002:00029970       ??0?$allocator@E@std@@QAE@ABV01@@Z 004da970 f i ClientConnection.obj
 0002:00029990       ?deallocate@?$allocator@E@std@@QAEXPAEI@Z 004da990 f i ClientConnection.obj
 0002:000299b0       ??0?$_Vector_const_iterator@V?$_Vector_val@KV?$allocator@K@std@@@std@@@std@@QAE@PAKPBU_Container_base12@1@@Z 004da9b0 f i ClientConnection.obj
 0002:00029a30       ?_Compat@?$_Vector_const_iterator@V?$_Vector_val@KV?$allocator@K@std@@@std@@@std@@QBEXABV12@@Z 004daa30 f i ClientConnection.obj
 0002:00029af0       ??0?$_Vector_const_iterator@V?$_Vector_val@EV?$allocator@E@std@@@std@@@std@@QAE@PAEPBU_Container_base12@1@@Z 004daaf0 f i ClientConnection.obj
 0002:00029b70       ??E?$_Vector_const_iterator@V?$_Vector_val@EV?$allocator@E@std@@@std@@@std@@QAEAAV01@XZ 004dab70 f i ClientConnection.obj
 0002:00029c40       ?_Compat@?$_Vector_const_iterator@V?$_Vector_val@EV?$allocator@E@std@@@std@@@std@@QBEXABV12@@Z 004dac40 f i ClientConnection.obj
 0002:00029d00       ?deallocate@?$allocator@U_Container_proxy@std@@@std@@QAEXPAU_Container_proxy@2@I@Z 004dad00 f i ClientConnection.obj
 0002:00029d20       ?allocate@?$allocator@U_Container_proxy@std@@@std@@QAEPAU_Container_proxy@2@I@Z 004dad20 f i ClientConnection.obj
 0002:00029d50       ??1?$_Tmap_traits@_WKU?$less@_W@std@@V?$allocator@U?$pair@$$CB_WK@std@@@2@$0A@@std@@QAE@XZ 004dad50 f i ClientConnection.obj
 0002:00029d70       ??1?$_Tmap_traits@K_WU?$less@K@std@@V?$allocator@U?$pair@$$CBK_W@std@@@2@$0A@@std@@QAE@XZ 004dad70 f i ClientConnection.obj
 0002:00029d90       ??0?$_Iterator012@Urandom_access_iterator_tag@std@@KHPBKABKU_Iterator_base12@2@@std@@QAE@XZ 004dad90 f i ClientConnection.obj
 0002:00029db0       ??0_Iterator_base12@std@@QAE@XZ 004dadb0 f i ClientConnection.obj
 0002:00029de0       ??0?$_Iterator012@Urandom_access_iterator_tag@std@@EHPBEABEU_Iterator_base12@2@@std@@QAE@XZ 004dade0 f i ClientConnection.obj
 0002:00029e00       ?erase@?$basic_string@DU?$char_traits@D@std@@V?$allocator@D@2@@std@@QAEAAV12@II@Z 004dae00 f i ClientConnection.obj
 0002:00029eb0       ?move@?$char_traits@D@std@@SAPADPADPBDI@Z 004daeb0 f i ClientConnection.obj
 0002:00029ed0       ?_Grow@?$basic_string@DU?$char_traits@D@std@@V?$allocator@D@2@@std@@QAE_NI_N@Z 004daed0 f i ClientConnection.obj
 0002:00029f90       ?_Inside@?$basic_string@DU?$char_traits@D@std@@V?$allocator@D@2@@std@@QAE_NPBD@Z 004daf90 f i ClientConnection.obj
 0002:00029fe0       ?_Xlen@?$basic_string@DU?$char_traits@D@std@@V?$allocator@D@2@@std@@QBEXXZ 004dafe0 f i ClientConnection.obj
 0002:0002a000       ?erase@?$_Tree@V?$_Tmap_traits@_WKU?$less@_W@std@@V?$allocator@U?$pair@$$CB_WK@std@@@2@$0A@@std@@@std@@QAE?AV?$_Tree_iterator@V?$_Tree_val@V?$_Tmap_traits@_WKU?$less@_W@std@@V?$allocator@U?$pair@$$CB_WK@std@@@2@$0A@@std@@@std@@@2@V?$_Tree_const_iterator@V?$_Tree_val@V?$_Tmap_traits@_WKU?$less@_W@std@@V?$allocator@U?$pair@$$CB_WK@std@@@2@$0A@@std@@@std@@@2@@Z 004db000 f i ClientConnection.obj
 0002:0002aa00       ?clear@?$_Tree@V?$_Tmap_traits@_WKU?$less@_W@std@@V?$allocator@U?$pair@$$CB_WK@std@@@2@$0A@@std@@@std@@QAEXXZ 004dba00 f i ClientConnection.obj
 0002:0002aa80       ?_Lmost@?$_Tree@V?$_Tmap_traits@_WKU?$less@_W@std@@V?$allocator@U?$pair@$$CB_WK@std@@@2@$0A@@std@@@std@@IBEAAPAU_Node@?$_Tree_nod@V?$_Tmap_traits@_WKU?$less@_W@std@@V?$allocator@U?$pair@$$CB_WK@std@@@2@$0A@@std@@@2@XZ 004dba80 f i ClientConnection.obj
 0002:0002aaa0       ?erase@?$_Tree@V?$_Tmap_traits@K_WU?$less@K@std@@V?$allocator@U?$pair@$$CBK_W@std@@@2@$0A@@std@@@std@@QAE?AV?$_Tree_iterator@V?$_Tree_val@V?$_Tmap_traits@K_WU?$less@K@std@@V?$allocator@U?$pair@$$CBK_W@std@@@2@$0A@@std@@@std@@@2@V?$_Tree_const_iterator@V?$_Tree_val@V?$_Tmap_traits@K_WU?$less@K@std@@V?$allocator@U?$pair@$$CBK_W@std@@@2@$0A@@std@@@std@@@2@@Z 004dbaa0 f i ClientConnection.obj
 0002:0002b4a0       ?clear@?$_Tree@V?$_Tmap_traits@K_WU?$less@K@std@@V?$allocator@U?$pair@$$CBK_W@std@@@2@$0A@@std@@@std@@QAEXXZ 004dc4a0 f i ClientConnection.obj
 0002:0002b520       ?_Lmost@?$_Tree@V?$_Tmap_traits@K_WU?$less@K@std@@V?$allocator@U?$pair@$$CBK_W@std@@@2@$0A@@std@@@std@@IBEAAPAU_Node@?$_Tree_nod@V?$_Tmap_traits@K_WU?$less@K@std@@V?$allocator@U?$pair@$$CBK_W@std@@@2@$0A@@std@@@2@XZ 004dc520 f i ClientConnection.obj
 0002:0002b540       ?allocate@?$allocator@K@std@@QAEPAKI@Z 004dc540 f i ClientConnection.obj
 0002:0002b570       ?max_size@?$allocator@K@std@@QBEIXZ 004dc570 f i ClientConnection.obj
 0002:0002b5b0       ?allocate@?$allocator@E@std@@QAEPAEI@Z 004dc5b0 f i ClientConnection.obj
 0002:0002b5e0       ?max_size@?$allocator@E@std@@QBEIXZ 004dc5e0 f i ClientConnection.obj
 0002:0002b620       ??0?$_Tree_iterator@V?$_Tree_val@V?$_Tmap_traits@_WKU?$less@_W@std@@V?$allocator@U?$pair@$$CB_WK@std@@@2@$0A@@std@@@std@@@std@@QAE@PAU_Node@?$_Tree_nod@V?$_Tmap_traits@_WKU?$less@_W@std@@V?$allocator@U?$pair@$$CB_WK@std@@@2@$0A@@std@@@1@PBV?$_Tree_val@V?$_Tmap_traits@_WKU?$less@_W@std@@V?$allocator@U?$pair@$$CB_WK@std@@@2@$0A@@std@@@1@@Z 004dc620 f i ClientConnection.obj
 0002:0002b650       ??E?$_Tree_const_iterator@V?$_Tree_val@V?$_Tmap_traits@_WKU?$less@_W@std@@V?$allocator@U?$pair@$$CB_WK@std@@@2@$0A@@std@@@std@@@std@@QAE?AV01@H@Z 004dc650 f i ClientConnection.obj
 0002:0002b6f0       ??8?$_Tree_const_iterator@V?$_Tree_val@V?$_Tmap_traits@_WKU?$less@_W@std@@V?$allocator@U?$pair@$$CB_WK@std@@@2@$0A@@std@@@std@@@std@@QBE_NABV01@@Z 004dc6f0 f i ClientConnection.obj
 0002:0002b7c0       ??9?$_Tree_const_iterator@V?$_Tree_val@V?$_Tmap_traits@_WKU?$less@_W@std@@V?$allocator@U?$pair@$$CB_WK@std@@@2@$0A@@std@@@std@@@std@@QBE_NABV01@@Z 004dc7c0 f i ClientConnection.obj
 0002:0002b7f0       ??0?$_Tree_iterator@V?$_Tree_val@V?$_Tmap_traits@K_WU?$less@K@std@@V?$allocator@U?$pair@$$CBK_W@std@@@2@$0A@@std@@@std@@@std@@QAE@PAU_Node@?$_Tree_nod@V?$_Tmap_traits@K_WU?$less@K@std@@V?$allocator@U?$pair@$$CBK_W@std@@@2@$0A@@std@@@1@PBV?$_Tree_val@V?$_Tmap_traits@K_WU?$less@K@std@@V?$allocator@U?$pair@$$CBK_W@std@@@2@$0A@@std@@@1@@Z 004dc7f0 f i ClientConnection.obj
 0002:0002b820       ??E?$_Tree_const_iterator@V?$_Tree_val@V?$_Tmap_traits@K_WU?$less@K@std@@V?$allocator@U?$pair@$$CBK_W@std@@@2@$0A@@std@@@std@@@std@@QAE?AV01@H@Z 004dc820 f i ClientConnection.obj
 0002:0002b8c0       ??8?$_Tree_const_iterator@V?$_Tree_val@V?$_Tmap_traits@K_WU?$less@K@std@@V?$allocator@U?$pair@$$CBK_W@std@@@2@$0A@@std@@@std@@@std@@QBE_NABV01@@Z 004dc8c0 f i ClientConnection.obj
 0002:0002b990       ??9?$_Tree_const_iterator@V?$_Tree_val@V?$_Tmap_traits@K_WU?$less@K@std@@V?$allocator@U?$pair@$$CBK_W@std@@@2@$0A@@std@@@std@@@std@@QBE_NABV01@@Z 004dc990 f i ClientConnection.obj
 0002:0002b9c0       ?max_size@?$basic_string@DU?$char_traits@D@std@@V?$allocator@D@2@@std@@QBEIXZ 004dc9c0 f i ClientConnection.obj
 0002:0002ba10       ?_Copy@?$basic_string@DU?$char_traits@D@std@@V?$allocator@D@2@@std@@QAEXII@Z 004dca10 f i ClientConnection.obj
 0002:0002bc00       ?_Erase@?$_Tree@V?$_Tmap_traits@_WKU?$less@_W@std@@V?$allocator@U?$pair@$$CB_WK@std@@@2@$0A@@std@@@std@@IAEXPAU_Node@?$_Tree_nod@V?$_Tmap_traits@_WKU?$less@_W@std@@V?$allocator@U?$pair@$$CB_WK@std@@@2@$0A@@std@@@2@@Z 004dcc00 f i ClientConnection.obj
 0002:0002bcc0       ?_Lrotate@?$_Tree@V?$_Tmap_traits@_WKU?$less@_W@std@@V?$allocator@U?$pair@$$CB_WK@std@@@2@$0A@@std@@@std@@IAEXPAU_Node@?$_Tree_nod@V?$_Tmap_traits@_WKU?$less@_W@std@@V?$allocator@U?$pair@$$CB_WK@std@@@2@$0A@@std@@@2@@Z 004dccc0 f i ClientConnection.obj
 0002:0002be40       ?_Rmost@?$_Tree@V?$_Tmap_traits@_WKU?$less@_W@std@@V?$allocator@U?$pair@$$CB_WK@std@@@2@$0A@@std@@@std@@IBEAAPAU_Node@?$_Tree_nod@V?$_Tmap_traits@_WKU?$less@_W@std@@V?$allocator@U?$pair@$$CB_WK@std@@@2@$0A@@std@@@2@XZ 004dce40 f i ClientConnection.obj
 0002:0002be60       ?_Root@?$_Tree@V?$_Tmap_traits@_WKU?$less@_W@std@@V?$allocator@U?$pair@$$CB_WK@std@@@2@$0A@@std@@@std@@IBEAAPAU_Node@?$_Tree_nod@V?$_Tmap_traits@_WKU?$less@_W@std@@V?$allocator@U?$pair@$$CB_WK@std@@@2@$0A@@std@@@2@XZ 004dce60 f i ClientConnection.obj
 0002:0002be80       ?_Rrotate@?$_Tree@V?$_Tmap_traits@_WKU?$less@_W@std@@V?$allocator@U?$pair@$$CB_WK@std@@@2@$0A@@std@@@std@@IAEXPAU_Node@?$_Tree_nod@V?$_Tmap_traits@_WKU?$less@_W@std@@V?$allocator@U?$pair@$$CB_WK@std@@@2@$0A@@std@@@2@@Z 004dce80 f i ClientConnection.obj
 0002:0002c000       ?_Orphan_ptr@?$_Tree@V?$_Tmap_traits@_WKU?$less@_W@std@@V?$allocator@U?$pair@$$CB_WK@std@@@2@$0A@@std@@@std@@IBEXAAV12@PAU_Node@?$_Tree_nod@V?$_Tmap_traits@_WKU?$less@_W@std@@V?$allocator@U?$pair@$$CB_WK@std@@@2@$0A@@std@@@2@@Z 004dd000 f i ClientConnection.obj
 0002:0002c100       ?_Color@?$_Tree_val@V?$_Tmap_traits@_WKU?$less@_W@std@@V?$allocator@U?$pair@$$CB_WK@std@@@2@$0A@@std@@@std@@SAAADPAU_Node@?$_Tree_nod@V?$_Tmap_traits@_WKU?$less@_W@std@@V?$allocator@U?$pair@$$CB_WK@std@@@2@$0A@@std@@@2@@Z 004dd100 f i ClientConnection.obj
 0002:0002c110       ?_Isnil@?$_Tree_val@V?$_Tmap_traits@_WKU?$less@_W@std@@V?$allocator@U?$pair@$$CB_WK@std@@@2@$0A@@std@@@std@@SAAADPAU_Node@?$_Tree_nod@V?$_Tmap_traits@_WKU?$less@_W@std@@V?$allocator@U?$pair@$$CB_WK@std@@@2@$0A@@std@@@2@@Z 004dd110 f i ClientConnection.obj
 0002:0002c120       ?_Left@?$_Tree_val@V?$_Tmap_traits@_WKU?$less@_W@std@@V?$allocator@U?$pair@$$CB_WK@std@@@2@$0A@@std@@@std@@SAAAPAU_Node@?$_Tree_nod@V?$_Tmap_traits@_WKU?$less@_W@std@@V?$allocator@U?$pair@$$CB_WK@std@@@2@$0A@@std@@@2@PAU342@@Z 004dd120 f i ClientConnection.obj
 0002:0002c130       ?_Parent@?$_Tree_val@V?$_Tmap_traits@_WKU?$less@_W@std@@V?$allocator@U?$pair@$$CB_WK@std@@@2@$0A@@std@@@std@@SAAAPAU_Node@?$_Tree_nod@V?$_Tmap_traits@_WKU?$less@_W@std@@V?$allocator@U?$pair@$$CB_WK@std@@@2@$0A@@std@@@2@PAU342@@Z 004dd130 f i ClientConnection.obj
 0002:0002c140       ?_Right@?$_Tree_val@V?$_Tmap_traits@_WKU?$less@_W@std@@V?$allocator@U?$pair@$$CB_WK@std@@@2@$0A@@std@@@std@@SAAAPAU_Node@?$_Tree_nod@V?$_Tmap_traits@_WKU?$less@_W@std@@V?$allocator@U?$pair@$$CB_WK@std@@@2@$0A@@std@@@2@PAU342@@Z 004dd140 f i ClientConnection.obj
 0002:0002c150       ?_Myval@?$_Tree_val@V?$_Tmap_traits@_WKU?$less@_W@std@@V?$allocator@U?$pair@$$CB_WK@std@@@2@$0A@@std@@@std@@SAAAU?$pair@$$CB_WK@2@PAU_Node@?$_Tree_nod@V?$_Tmap_traits@_WKU?$less@_W@std@@V?$allocator@U?$pair@$$CB_WK@std@@@2@$0A@@std@@@2@@Z 004dd150 f i ClientConnection.obj
 0002:0002c160       ?_Max@?$_Tree_val@V?$_Tmap_traits@_WKU?$less@_W@std@@V?$allocator@U?$pair@$$CB_WK@std@@@2@$0A@@std@@@std@@SAPAU_Node@?$_Tree_nod@V?$_Tmap_traits@_WKU?$less@_W@std@@V?$allocator@U?$pair@$$CB_WK@std@@@2@$0A@@std@@@2@PAU342@@Z 004dd160 f i ClientConnection.obj
 0002:0002c1b0       ?_Min@?$_Tree_val@V?$_Tmap_traits@_WKU?$less@_W@std@@V?$allocator@U?$pair@$$CB_WK@std@@@2@$0A@@std@@@std@@SAPAU_Node@?$_Tree_nod@V?$_Tmap_traits@_WKU?$less@_W@std@@V?$allocator@U?$pair@$$CB_WK@std@@@2@$0A@@std@@@2@PAU342@@Z 004dd1b0 f i ClientConnection.obj
 0002:0002c200       ?_Erase@?$_Tree@V?$_Tmap_traits@K_WU?$less@K@std@@V?$allocator@U?$pair@$$CBK_W@std@@@2@$0A@@std@@@std@@IAEXPAU_Node@?$_Tree_nod@V?$_Tmap_traits@K_WU?$less@K@std@@V?$allocator@U?$pair@$$CBK_W@std@@@2@$0A@@std@@@2@@Z 004dd200 f i ClientConnection.obj
 0002:0002c2c0       ?_Lrotate@?$_Tree@V?$_Tmap_traits@K_WU?$less@K@std@@V?$allocator@U?$pair@$$CBK_W@std@@@2@$0A@@std@@@std@@IAEXPAU_Node@?$_Tree_nod@V?$_Tmap_traits@K_WU?$less@K@std@@V?$allocator@U?$pair@$$CBK_W@std@@@2@$0A@@std@@@2@@Z 004dd2c0 f i ClientConnection.obj
 0002:0002c440       ?_Rmost@?$_Tree@V?$_Tmap_traits@K_WU?$less@K@std@@V?$allocator@U?$pair@$$CBK_W@std@@@2@$0A@@std@@@std@@IBEAAPAU_Node@?$_Tree_nod@V?$_Tmap_traits@K_WU?$less@K@std@@V?$allocator@U?$pair@$$CBK_W@std@@@2@$0A@@std@@@2@XZ 004dd440 f i ClientConnection.obj
 0002:0002c460       ?_Root@?$_Tree@V?$_Tmap_traits@K_WU?$less@K@std@@V?$allocator@U?$pair@$$CBK_W@std@@@2@$0A@@std@@@std@@IBEAAPAU_Node@?$_Tree_nod@V?$_Tmap_traits@K_WU?$less@K@std@@V?$allocator@U?$pair@$$CBK_W@std@@@2@$0A@@std@@@2@XZ 004dd460 f i ClientConnection.obj
 0002:0002c480       ?_Rrotate@?$_Tree@V?$_Tmap_traits@K_WU?$less@K@std@@V?$allocator@U?$pair@$$CBK_W@std@@@2@$0A@@std@@@std@@IAEXPAU_Node@?$_Tree_nod@V?$_Tmap_traits@K_WU?$less@K@std@@V?$allocator@U?$pair@$$CBK_W@std@@@2@$0A@@std@@@2@@Z 004dd480 f i ClientConnection.obj
 0002:0002c600       ?_Orphan_ptr@?$_Tree@V?$_Tmap_traits@K_WU?$less@K@std@@V?$allocator@U?$pair@$$CBK_W@std@@@2@$0A@@std@@@std@@IBEXAAV12@PAU_Node@?$_Tree_nod@V?$_Tmap_traits@K_WU?$less@K@std@@V?$allocator@U?$pair@$$CBK_W@std@@@2@$0A@@std@@@2@@Z 004dd600 f i ClientConnection.obj
 0002:0002c700       ?_Color@?$_Tree_val@V?$_Tmap_traits@K_WU?$less@K@std@@V?$allocator@U?$pair@$$CBK_W@std@@@2@$0A@@std@@@std@@SAAADPAU_Node@?$_Tree_nod@V?$_Tmap_traits@K_WU?$less@K@std@@V?$allocator@U?$pair@$$CBK_W@std@@@2@$0A@@std@@@2@@Z 004dd700 f i ClientConnection.obj
 0002:0002c710       ?_Isnil@?$_Tree_val@V?$_Tmap_traits@K_WU?$less@K@std@@V?$allocator@U?$pair@$$CBK_W@std@@@2@$0A@@std@@@std@@SAAADPAU_Node@?$_Tree_nod@V?$_Tmap_traits@K_WU?$less@K@std@@V?$allocator@U?$pair@$$CBK_W@std@@@2@$0A@@std@@@2@@Z 004dd710 f i ClientConnection.obj
 0002:0002c720       ?_Left@?$_Tree_val@V?$_Tmap_traits@K_WU?$less@K@std@@V?$allocator@U?$pair@$$CBK_W@std@@@2@$0A@@std@@@std@@SAAAPAU_Node@?$_Tree_nod@V?$_Tmap_traits@K_WU?$less@K@std@@V?$allocator@U?$pair@$$CBK_W@std@@@2@$0A@@std@@@2@PAU342@@Z 004dd720 f i ClientConnection.obj
 0002:0002c730       ?_Parent@?$_Tree_val@V?$_Tmap_traits@K_WU?$less@K@std@@V?$allocator@U?$pair@$$CBK_W@std@@@2@$0A@@std@@@std@@SAAAPAU_Node@?$_Tree_nod@V?$_Tmap_traits@K_WU?$less@K@std@@V?$allocator@U?$pair@$$CBK_W@std@@@2@$0A@@std@@@2@PAU342@@Z 004dd730 f i ClientConnection.obj
 0002:0002c740       ?_Right@?$_Tree_val@V?$_Tmap_traits@K_WU?$less@K@std@@V?$allocator@U?$pair@$$CBK_W@std@@@2@$0A@@std@@@std@@SAAAPAU_Node@?$_Tree_nod@V?$_Tmap_traits@K_WU?$less@K@std@@V?$allocator@U?$pair@$$CBK_W@std@@@2@$0A@@std@@@2@PAU342@@Z 004dd740 f i ClientConnection.obj
 0002:0002c750       ?_Myval@?$_Tree_val@V?$_Tmap_traits@K_WU?$less@K@std@@V?$allocator@U?$pair@$$CBK_W@std@@@2@$0A@@std@@@std@@SAAAU?$pair@$$CBK_W@2@PAU_Node@?$_Tree_nod@V?$_Tmap_traits@K_WU?$less@K@std@@V?$allocator@U?$pair@$$CBK_W@std@@@2@$0A@@std@@@2@@Z 004dd750 f i ClientConnection.obj
 0002:0002c760       ?_Max@?$_Tree_val@V?$_Tmap_traits@K_WU?$less@K@std@@V?$allocator@U?$pair@$$CBK_W@std@@@2@$0A@@std@@@std@@SAPAU_Node@?$_Tree_nod@V?$_Tmap_traits@K_WU?$less@K@std@@V?$allocator@U?$pair@$$CBK_W@std@@@2@$0A@@std@@@2@PAU342@@Z 004dd760 f i ClientConnection.obj
 0002:0002c7b0       ?_Min@?$_Tree_val@V?$_Tmap_traits@K_WU?$less@K@std@@V?$allocator@U?$pair@$$CBK_W@std@@@2@$0A@@std@@@std@@SAPAU_Node@?$_Tree_nod@V?$_Tmap_traits@K_WU?$less@K@std@@V?$allocator@U?$pair@$$CBK_W@std@@@2@$0A@@std@@@2@PAU342@@Z 004dd7b0 f i ClientConnection.obj
 0002:0002c800       ??0?$_Tree_const_iterator@V?$_Tree_val@V?$_Tmap_traits@_WKU?$less@_W@std@@V?$allocator@U?$pair@$$CB_WK@std@@@2@$0A@@std@@@std@@@std@@QAE@PAU_Node@?$_Tree_nod@V?$_Tmap_traits@_WKU?$less@_W@std@@V?$allocator@U?$pair@$$CB_WK@std@@@2@$0A@@std@@@1@PBV?$_Tree_val@V?$_Tmap_traits@_WKU?$less@_W@std@@V?$allocator@U?$pair@$$CB_WK@std@@@2@$0A@@std@@@1@@Z 004dd800 f i ClientConnection.obj
 0002:0002c830       ??E?$_Tree_const_iterator@V?$_Tree_val@V?$_Tmap_traits@_WKU?$less@_W@std@@V?$allocator@U?$pair@$$CB_WK@std@@@2@$0A@@std@@@std@@@std@@QAEAAV01@XZ 004dd830 f i ClientConnection.obj
 0002:0002c900       ?_Mynode@?$_Tree_unchecked_const_iterator@V?$_Tree_val@V?$_Tmap_traits@_WKU?$less@_W@std@@V?$allocator@U?$pair@$$CB_WK@std@@@2@$0A@@std@@@std@@U_Iterator_base12@2@@std@@QBEPAU_Node@?$_Tree_nod@V?$_Tmap_traits@_WKU?$less@_W@std@@V?$allocator@U?$pair@$$CB_WK@std@@@2@$0A@@std@@@2@XZ 004dd900 f i ClientConnection.obj
 0002:0002c920       ??0?$_Tree_const_iterator@V?$_Tree_val@V?$_Tmap_traits@K_WU?$less@K@std@@V?$allocator@U?$pair@$$CBK_W@std@@@2@$0A@@std@@@std@@@std@@QAE@PAU_Node@?$_Tree_nod@V?$_Tmap_traits@K_WU?$less@K@std@@V?$allocator@U?$pair@$$CBK_W@std@@@2@$0A@@std@@@1@PBV?$_Tree_val@V?$_Tmap_traits@K_WU?$less@K@std@@V?$allocator@U?$pair@$$CBK_W@std@@@2@$0A@@std@@@1@@Z 004dd920 f i ClientConnection.obj
 0002:0002c950       ??E?$_Tree_const_iterator@V?$_Tree_val@V?$_Tmap_traits@K_WU?$less@K@std@@V?$allocator@U?$pair@$$CBK_W@std@@@2@$0A@@std@@@std@@@std@@QAEAAV01@XZ 004dd950 f i ClientConnection.obj
 0002:0002ca20       ?_Mynode@?$_Tree_unchecked_const_iterator@V?$_Tree_val@V?$_Tmap_traits@K_WU?$less@K@std@@V?$allocator@U?$pair@$$CBK_W@std@@@2@$0A@@std@@@std@@U_Iterator_base12@2@@std@@QBEPAU_Node@?$_Tree_nod@V?$_Tmap_traits@K_WU?$less@K@std@@V?$allocator@U?$pair@$$CBK_W@std@@@2@$0A@@std@@@2@XZ 004dda20 f i ClientConnection.obj
 0002:0002ca40       ?allocate@?$allocator@D@std@@QAEPADI@Z 004dda40 f i ClientConnection.obj
 0002:0002ca70       ?max_size@?$allocator@D@std@@QBEIXZ 004dda70 f i ClientConnection.obj
 0002:0002cab0       ??0?$_Tree_unchecked_const_iterator@V?$_Tree_val@V?$_Tmap_traits@_WKU?$less@_W@std@@V?$allocator@U?$pair@$$CB_WK@std@@@2@$0A@@std@@@std@@U_Iterator_base12@2@@std@@QAE@PAU_Node@?$_Tree_nod@V?$_Tmap_traits@_WKU?$less@_W@std@@V?$allocator@U?$pair@$$CB_WK@std@@@2@$0A@@std@@@1@PBV?$_Tree_val@V?$_Tmap_traits@_WKU?$less@_W@std@@V?$allocator@U?$pair@$$CB_WK@std@@@2@$0A@@std@@@1@@Z 004ddab0 f i ClientConnection.obj
 0002:0002cb30       ??E?$_Tree_unchecked_const_iterator@V?$_Tree_val@V?$_Tmap_traits@_WKU?$less@_W@std@@V?$allocator@U?$pair@$$CB_WK@std@@@2@$0A@@std@@@std@@U_Iterator_base12@2@@std@@QAEAAV01@XZ 004ddb30 f i ClientConnection.obj
 0002:0002cc20       ??0?$_Tree_unchecked_const_iterator@V?$_Tree_val@V?$_Tmap_traits@K_WU?$less@K@std@@V?$allocator@U?$pair@$$CBK_W@std@@@2@$0A@@std@@@std@@U_Iterator_base12@2@@std@@QAE@PAU_Node@?$_Tree_nod@V?$_Tmap_traits@K_WU?$less@K@std@@V?$allocator@U?$pair@$$CBK_W@std@@@2@$0A@@std@@@1@PBV?$_Tree_val@V?$_Tmap_traits@K_WU?$less@K@std@@V?$allocator@U?$pair@$$CBK_W@std@@@2@$0A@@std@@@1@@Z 004ddc20 f i ClientConnection.obj
 0002:0002cca0       ??E?$_Tree_unchecked_const_iterator@V?$_Tree_val@V?$_Tmap_traits@K_WU?$less@K@std@@V?$allocator@U?$pair@$$CBK_W@std@@@2@$0A@@std@@@std@@U_Iterator_base12@2@@std@@QAEAAV01@XZ 004ddca0 f i ClientConnection.obj
 0002:0002cd90       ??0?$_Iterator012@Ubidirectional_iterator_tag@std@@U?$pair@$$CB_WK@2@HPBU32@ABU32@U_Iterator_base12@2@@std@@QAE@XZ 004ddd90 f i ClientConnection.obj
 0002:0002cdb0       ??0?$_Iterator012@Ubidirectional_iterator_tag@std@@U?$pair@$$CBK_W@2@HPBU32@ABU32@U_Iterator_base12@2@@std@@QAE@XZ 004dddb0 f i ClientConnection.obj
 0002:0002cdd0       ??$find@V?$_Vector_iterator@V?$_Vector_val@KV?$allocator@K@std@@@std@@@std@@K@std@@YA?AV?$_Vector_iterator@V?$_Vector_val@KV?$allocator@K@std@@@std@@@0@V10@0ABK@Z 004dddd0 f i ClientConnection.obj
 0002:0002cf30       ??$find@V?$_Vector_iterator@V?$_Vector_val@EV?$allocator@E@std@@@std@@@std@@K@std@@YA?AV?$_Vector_iterator@V?$_Vector_val@EV?$allocator@E@std@@@std@@@0@V10@0ABK@Z 004ddf30 f i ClientConnection.obj
 0002:0002d090       ??$find@V?$_Vector_iterator@V?$_Vector_val@KV?$allocator@K@std@@@std@@@std@@H@std@@YA?AV?$_Vector_iterator@V?$_Vector_val@KV?$allocator@K@std@@@std@@@0@V10@0ABH@Z 004de090 f i ClientConnection.obj
 0002:0002d1f0       ??$SafeGetWindowUserData@VClientConnection@@@helper@@YAPAVClientConnection@@PAUHWND__@@@Z 004de1f0 f i ClientConnection.obj
 0002:0002d210       ??$_Debug_pointer@D@std@@YAXPBDPB_WI@Z 004de210 f i ClientConnection.obj
 0002:0002d240       ??$addressof@$$CBK@std@@YAPBKABK@Z 004de240 f i ClientConnection.obj
 0002:0002d250       ??$_Cons_val@V?$allocator@K@std@@KAAK@std@@YAXAAV?$allocator@K@0@PAKAAK@Z 004de250 f i ClientConnection.obj
 0002:0002d280       ??$_Cons_val@V?$allocator@K@std@@KABK@std@@YAXAAV?$allocator@K@0@PAKABK@Z 004de280 f i ClientConnection.obj
 0002:0002d2b0       ??$addressof@E@std@@YAPAEAAE@Z 004de2b0 f i ClientConnection.obj
 0002:0002d2c0       ??$forward@E@std@@YA$$QAEAAE@Z 004de2c0 f i ClientConnection.obj
 0002:0002d2d0       ??$_Cons_val@V?$allocator@E@std@@EE@std@@YAXAAV?$allocator@E@0@PAE$$QAE@Z 004de2d0 f i ClientConnection.obj
 0002:0002d300       ??$addressof@$$CBE@std@@YAPBEABE@Z 004de300 f i ClientConnection.obj
 0002:0002d310       ??$_Cons_val@V?$allocator@E@std@@EAAE@std@@YAXAAV?$allocator@E@0@PAEAAE@Z 004de310 f i ClientConnection.obj
 0002:0002d340       ??$_Cons_val@V?$allocator@E@std@@EABE@std@@YAXAAV?$allocator@E@0@PAEABE@Z 004de340 f i ClientConnection.obj
 0002:0002d370       ??$?0D@?$allocator@U_Container_proxy@std@@@std@@QAE@ABV?$allocator@D@1@@Z 004de370 f i ClientConnection.obj
 0002:0002d390       ??$_Cons_val@V?$allocator@U_Container_proxy@std@@@std@@U_Container_proxy@2@U32@@std@@YAXAAV?$allocator@U_Container_proxy@std@@@0@PAU_Container_proxy@0@$$QAU20@@Z 004de390 f i ClientConnection.obj
 0002:0002d3c0       ??$_Dest_val@V?$allocator@U_Container_proxy@std@@@std@@U_Container_proxy@2@@std@@YAXAAV?$allocator@U_Container_proxy@std@@@0@PAU_Container_proxy@0@@Z 004de3c0 f i ClientConnection.obj
 0002:0002d3e0       ??$?0K@?$allocator@U_Container_proxy@std@@@std@@QAE@ABV?$allocator@K@1@@Z 004de3e0 f i ClientConnection.obj
 0002:0002d400       ??$?0E@?$allocator@U_Container_proxy@std@@@std@@QAE@ABV?$allocator@E@1@@Z 004de400 f i ClientConnection.obj
 0002:0002d420       ??$?0U_Node@?$_Tree_nod@V?$_Tmap_traits@_WKU?$less@_W@std@@V?$allocator@U?$pair@$$CB_WK@std@@@2@$0A@@std@@@std@@@?$allocator@U_Container_proxy@std@@@std@@QAE@ABV?$allocator@U_Node@?$_Tree_nod@V?$_Tmap_traits@_WKU?$less@_W@std@@V?$allocator@U?$pair@$$CB_WK@std@@@2@$0A@@std@@@std@@@1@@Z 004de420 f i ClientConnection.obj
 0002:0002d440       ??$?0U_Node@?$_Tree_nod@V?$_Tmap_traits@K_WU?$less@K@std@@V?$allocator@U?$pair@$$CBK_W@std@@@2@$0A@@std@@@std@@@?$allocator@U_Container_proxy@std@@@std@@QAE@ABV?$allocator@U_Node@?$_Tree_nod@V?$_Tmap_traits@K_WU?$less@K@std@@V?$allocator@U?$pair@$$CBK_W@std@@@2@$0A@@std@@@std@@@1@@Z 004de440 f i ClientConnection.obj
 0002:0002d460       ??$_Umove@PAK@?$vector@KV?$allocator@K@std@@@std@@IAEPAKPAK00@Z 004de460 f i ClientConnection.obj
 0002:0002d4a0       ??$_Destroy_range@V?$allocator@K@std@@@std@@YAXPAK0AAV?$allocator@K@0@@Z 004de4a0 f i ClientConnection.obj
 0002:0002d4f0       ??$_Umove@PAE@?$vector@EV?$allocator@E@std@@@std@@IAEPAEPAE00@Z 004de4f0 f i ClientConnection.obj
 0002:0002d530       ??$_Destroy_range@V?$allocator@E@std@@@std@@YAXPAE0AAV?$allocator@E@0@@Z 004de530 f i ClientConnection.obj
 0002:0002d580       ??$_Allocate@U_Container_proxy@std@@@std@@YAPAU_Container_proxy@0@IPAU10@@Z 004de580 f i ClientConnection.obj
 0002:0002d600       ??0bad_alloc@std@@QAE@PBD@Z 004de600 f i ClientConnection.obj
 0002:0002d630       ??1bad_alloc@std@@UAE@XZ   004de630 f i ClientConnection.obj
 0002:0002d660       ??_Ebad_alloc@std@@UAEPAXI@Z 004de660 f i ClientConnection.obj
 0002:0002d660       ??_Gbad_alloc@std@@UAEPAXI@Z 004de660 f i ClientConnection.obj
 0002:0002d6a0       ??$swap@D@std@@YAXAAD0@Z   004de6a0 f i ClientConnection.obj
 0002:0002d6f0       ??$addressof@U?$pair@$$CB_WK@std@@@std@@YAPAU?$pair@$$CB_WK@0@AAU10@@Z 004de6f0 f i ClientConnection.obj
 0002:0002d700       ??$_Dest_val@V?$allocator@U?$pair@$$CB_WK@std@@@std@@U?$pair@$$CB_WK@2@@std@@YAXAAV?$allocator@U?$pair@$$CB_WK@std@@@0@PAU?$pair@$$CB_WK@0@@Z 004de700 f i ClientConnection.obj
 0002:0002d720       ??$addressof@U?$pair@$$CBK_W@std@@@std@@YAPAU?$pair@$$CBK_W@0@AAU10@@Z 004de720 f i ClientConnection.obj
 0002:0002d730       ??$_Dest_val@V?$allocator@U?$pair@$$CBK_W@std@@@std@@U?$pair@$$CBK_W@2@@std@@YAXAAV?$allocator@U?$pair@$$CBK_W@std@@@0@PAU?$pair@$$CBK_W@0@@Z 004de730 f i ClientConnection.obj
 0002:0002d750       ??$_Allocate@K@std@@YAPAKIPAK@Z 004de750 f i ClientConnection.obj
 0002:0002d7d0       ??$_Allocate@E@std@@YAPAEIPAE@Z 004de7d0 f i ClientConnection.obj
 0002:0002d840       ??$_Allocate@D@std@@YAPADIPAD@Z 004de840 f i ClientConnection.obj
 0002:0002d8b0       ??0?$_Vector_iterator@V?$_Vector_val@KV?$allocator@K@std@@@std@@@std@@QAE@ABV01@@Z 004de8b0 f i ClientConnection.obj
 0002:0002d8e0       ??0bad_alloc@std@@QAE@ABV01@@Z 004de8e0 f i ClientConnection.obj
 0002:0002d910       ??0?$_Vector_const_iterator@V?$_Vector_val@KV?$allocator@K@std@@@std@@@std@@QAE@ABV01@@Z 004de910 f i ClientConnection.obj
 0002:0002d950       ??0?$_Iterator012@Urandom_access_iterator_tag@std@@KHPBKABKU_Iterator_base12@2@@std@@QAE@ABU01@@Z 004de950 f i ClientConnection.obj
 0002:0002d980       ?destroy@?$allocator@U?$pair@$$CB_WK@std@@@std@@QAEXPAU?$pair@$$CB_WK@2@@Z 004de980 f i ClientConnection.obj
 0002:0002d9a0       ?destroy@?$allocator@U?$pair@$$CBK_W@std@@@std@@QAEXPAU?$pair@$$CBK_W@2@@Z 004de9a0 f i ClientConnection.obj
 0002:0002d9c0       ?construct@?$allocator@K@std@@QAEXPAKABK@Z 004de9c0 f i ClientConnection.obj
 0002:0002d9f0       ?construct@?$allocator@E@std@@QAEXPAEABE@Z 004de9f0 f i ClientConnection.obj
 0002:0002da20       ?construct@?$allocator@E@std@@QAEXPAE$$QAE@Z 004dea20 f i ClientConnection.obj
 0002:0002dad0       ??2@YAPAXIPAX@Z            004dead0 f i ClientConnection.obj
 0002:0002dae0       ??3@YAXPAX0@Z              004deae0 f i ClientConnection.obj
 0002:0002daf0       ?construct@?$allocator@U_Container_proxy@std@@@std@@QAEXPAU_Container_proxy@2@$$QAU32@@Z 004deaf0 f i ClientConnection.obj
 0002:0002dba0       ?destroy@?$allocator@U_Container_proxy@std@@@std@@QAEXPAU_Container_proxy@2@@Z 004deba0 f i ClientConnection.obj
 0002:0002dbc0       ??$_Debug_range@V?$_Vector_iterator@V?$_Vector_val@KV?$allocator@K@std@@@std@@@std@@@std@@YAXV?$_Vector_iterator@V?$_Vector_val@KV?$allocator@K@std@@@std@@@0@0PB_WI@Z 004debc0 f i ClientConnection.obj
 0002:0002dca0       ??$_Unchecked@V?$_Vector_val@KV?$allocator@K@std@@@std@@@std@@YAPAKV?$_Vector_iterator@V?$_Vector_val@KV?$allocator@K@std@@@std@@@0@@Z 004deca0 f i ClientConnection.obj
 0002:0002dd10       ??$_Find@PAKK@std@@YAPAKPAK0ABK@Z 004ded10 f i ClientConnection.obj
 0002:0002dd50       ??$_Rechecked@V?$_Vector_val@KV?$allocator@K@std@@@std@@@std@@YAAAV?$_Vector_iterator@V?$_Vector_val@KV?$allocator@K@std@@@std@@@0@AAV10@PAK@Z 004ded50 f i ClientConnection.obj
 0002:0002dd70       ??$_Debug_range@V?$_Vector_iterator@V?$_Vector_val@EV?$allocator@E@std@@@std@@@std@@@std@@YAXV?$_Vector_iterator@V?$_Vector_val@EV?$allocator@E@std@@@std@@@0@0PB_WI@Z 004ded70 f i ClientConnection.obj
 0002:0002de50       ??$_Unchecked@V?$_Vector_val@EV?$allocator@E@std@@@std@@@std@@YAPAEV?$_Vector_iterator@V?$_Vector_val@EV?$allocator@E@std@@@std@@@0@@Z 004dee50 f i ClientConnection.obj
 0002:0002dec0       ??$_Find@PAEK@std@@YAPAEPAE0ABK@Z 004deec0 f i ClientConnection.obj
 0002:0002df00       ??$_Rechecked@V?$_Vector_val@EV?$allocator@E@std@@@std@@@std@@YAAAV?$_Vector_iterator@V?$_Vector_val@EV?$allocator@E@std@@@std@@@0@AAV10@PAE@Z 004def00 f i ClientConnection.obj
 0002:0002df20       ??$_Find@PAKH@std@@YAPAKPAK0ABH@Z 004def20 f i ClientConnection.obj
 0002:0002df60       ??$forward@AAK@std@@YAAAKAAK@Z 004def60 f i ClientConnection.obj
 0002:0002df70       ??$construct@AAK@?$allocator@K@std@@QAEXPAKAAK@Z 004def70 f i ClientConnection.obj
 0002:0002e020       ??$forward@ABK@std@@YAABKABK@Z 004df020 f i ClientConnection.obj
 0002:0002e030       ??$forward@AAE@std@@YAAAEAAE@Z 004df030 f i ClientConnection.obj
 0002:0002e040       ??$construct@AAE@?$allocator@E@std@@QAEXPAEAAE@Z 004df040 f i ClientConnection.obj
 0002:0002e0f0       ??$forward@ABE@std@@YAABEABE@Z 004df0f0 f i ClientConnection.obj
 0002:0002e100       ??$forward@U_Container_proxy@std@@@std@@YA$$QAU_Container_proxy@0@AAU10@@Z 004df100 f i ClientConnection.obj
 0002:0002e110       ??$_Uninitialized_move@PAKPAKV?$allocator@K@std@@@std@@YAPAKPAK00AAV?$allocator@K@0@@Z 004df110 f i ClientConnection.obj
 0002:0002e170       ??$_Ptr_cat@KK@std@@YA?AU_Scalar_ptr_iterator_tag@0@PAK0@Z 004df170 f i ClientConnection.obj
 0002:0002e180       ??$_Destroy_range@V?$allocator@K@std@@@std@@YAXPAK0AAV?$allocator@K@0@U_Scalar_ptr_iterator_tag@0@@Z 004df180 f i ClientConnection.obj
 0002:0002e190       ??$_Uninitialized_move@PAEPAEV?$allocator@E@std@@@std@@YAPAEPAE00AAV?$allocator@E@0@@Z 004df190 f i ClientConnection.obj
 0002:0002e1f0       ??$_Ptr_cat@EE@std@@YA?AU_Scalar_ptr_iterator_tag@0@PAE0@Z 004df1f0 f i ClientConnection.obj
 0002:0002e200       ??$_Destroy_range@V?$allocator@E@std@@@std@@YAXPAE0AAV?$allocator@E@0@U_Scalar_ptr_iterator_tag@0@@Z 004df200 f i ClientConnection.obj
 0002:0002e210       ??$_Move@AAD@std@@YA$$QADAAD@Z 004df210 f i ClientConnection.obj
 0002:0002e220       ??$_Destroy@U?$pair@$$CB_WK@std@@@std@@YAXPAU?$pair@$$CB_WK@0@@Z 004df220 f i ClientConnection.obj
 0002:0002e230       ??$_Destroy@U?$pair@$$CBK_W@std@@@std@@YAXPAU?$pair@$$CBK_W@0@@Z 004df230 f i ClientConnection.obj
 0002:0002e240       ??$_Construct@KABK@std@@YAXPAKABK@Z 004df240 f i ClientConnection.obj
 0002:0002e2f0       ??$_Construct@EABE@std@@YAXPAEABE@Z 004df2f0 f i ClientConnection.obj
 0002:0002e3a0       ??$_Destroy@U_Container_proxy@std@@@std@@YAXPAU_Container_proxy@0@@Z 004df3a0 f i ClientConnection.obj
 0002:0002e3b0       ?_Rechecked@?$_Vector_iterator@V?$_Vector_val@KV?$allocator@K@std@@@std@@@std@@QAEAAV12@PAK@Z 004df3b0 f i ClientConnection.obj
 0002:0002e3d0       ?_Unchecked@?$_Vector_iterator@V?$_Vector_val@KV?$allocator@K@std@@@std@@@std@@QBEPAKXZ 004df3d0 f i ClientConnection.obj
 0002:0002e3f0       ?_Rechecked@?$_Vector_iterator@V?$_Vector_val@EV?$allocator@E@std@@@std@@@std@@QAEAAV12@PAE@Z 004df3f0 f i ClientConnection.obj
 0002:0002e410       ?_Unchecked@?$_Vector_iterator@V?$_Vector_val@EV?$allocator@E@std@@@std@@@std@@QBEPAEXZ 004df410 f i ClientConnection.obj
 0002:0002e430       ??$_Iter_cat@V?$_Vector_iterator@V?$_Vector_val@KV?$allocator@K@std@@@std@@@std@@@std@@YA?AUrandom_access_iterator_tag@0@ABV?$_Vector_iterator@V?$_Vector_val@KV?$allocator@K@std@@@std@@@0@@Z 004df430 f i ClientConnection.obj
 0002:0002e450       ??$_Debug_range2@V?$_Vector_iterator@V?$_Vector_val@KV?$allocator@K@std@@@std@@@std@@@std@@YAXV?$_Vector_iterator@V?$_Vector_val@KV?$allocator@K@std@@@std@@@0@0PB_WIUrandom_access_iterator_tag@0@@Z 004df450 f i ClientConnection.obj
 0002:0002e540       ??$_Iter_cat@V?$_Vector_iterator@V?$_Vector_val@EV?$allocator@E@std@@@std@@@std@@@std@@YA?AUrandom_access_iterator_tag@0@ABV?$_Vector_iterator@V?$_Vector_val@EV?$allocator@E@std@@@std@@@0@@Z 004df540 f i ClientConnection.obj
 0002:0002e560       ??$_Debug_range2@V?$_Vector_iterator@V?$_Vector_val@EV?$allocator@E@std@@@std@@@std@@@std@@YAXV?$_Vector_iterator@V?$_Vector_val@EV?$allocator@E@std@@@std@@@0@0PB_WIUrandom_access_iterator_tag@0@@Z 004df560 f i ClientConnection.obj
 0002:0002e650       ??$_Val_type@PAK@std@@YAPAKPAK@Z 004df650 f i ClientConnection.obj
 0002:0002e660       ??$_Uninit_move@KKK@std@@YAPAKPAK00AAV?$allocator@K@0@0U_Scalar_ptr_iterator_tag@0@@Z 004df660 f i ClientConnection.obj
 0002:0002e6e0       ??$_Val_type@PAE@std@@YAPAEPAE@Z 004df6e0 f i ClientConnection.obj
 0002:0002e6f0       ??$_Uninit_move@EEE@std@@YAPAEPAE00AAV?$allocator@E@0@0U_Scalar_ptr_iterator_tag@0@@Z 004df6f0 f i ClientConnection.obj
 0002:0002e760       ??M?$_Vector_const_iterator@V?$_Vector_val@KV?$allocator@K@std@@@std@@@std@@QBE_NABV01@@Z 004df760 f i ClientConnection.obj
 0002:0002e7a0       ??M?$_Vector_const_iterator@V?$_Vector_val@EV?$allocator@E@std@@@std@@@std@@QBE_NABV01@@Z 004df7a0 f i ClientConnection.obj
 0002:0002e7e0       ??$_Debug_pointer@V?$_Vector_iterator@V?$_Vector_val@KV?$allocator@K@std@@@std@@@std@@@std@@YAXAAV?$_Vector_iterator@V?$_Vector_val@KV?$allocator@K@std@@@std@@@0@PB_WI@Z 004df7e0 f i ClientConnection.obj
 0002:0002e7f0       ??$_Debug_pointer@V?$_Vector_iterator@V?$_Vector_val@EV?$allocator@E@std@@@std@@@std@@@std@@YAXAAV?$_Vector_iterator@V?$_Vector_val@EV?$allocator@E@std@@@std@@@0@PB_WI@Z 004df7f0 f i ClientConnection.obj
 0002:0002e800       ??$_Debug_range@PAK@std@@YAXPAK0PB_WI@Z 004df800 f i ClientConnection.obj
 0002:0002e850       ??$_Debug_pointer@K@std@@YAXPAKPB_WI@Z 004df850 f i ClientConnection.obj
 0002:0002e880       ??$_Debug_range@PAE@std@@YAXPAE0PB_WI@Z 004df880 f i ClientConnection.obj
 0002:0002e8d0       ??$_Debug_pointer@E@std@@YAXPAEPB_WI@Z 004df8d0 f i ClientConnection.obj
 0002:0002e900       ??$_Iter_cat@PAK@std@@YA?AUrandom_access_iterator_tag@0@ABQAK@Z 004df900 f i ClientConnection.obj
 0002:0002e920       ??$_Debug_range2@PAK@std@@YAXPAK0PB_WIUrandom_access_iterator_tag@0@@Z 004df920 f i ClientConnection.obj
 0002:0002e990       ??$_Iter_cat@PAE@std@@YA?AUrandom_access_iterator_tag@0@ABQAE@Z 004df990 f i ClientConnection.obj
 0002:0002e9b0       ??$_Debug_range2@PAE@std@@YAXPAE0PB_WIUrandom_access_iterator_tag@0@@Z 004df9b0 f i ClientConnection.obj
 0002:0002ea20       ?ReadCacheRect@ClientConnection@@AAEXPAUrfbFramebufferUpdateRectHeader@@@Z 004dfa20 f   ClientConnectionCacheRect.obj
 0002:0002eac0       ?SaveArea@ClientConnection@@AAEXAAUtagRECT@@@Z 004dfac0 f   ClientConnectionCacheRect.obj
 0002:0002ebd0       ?RestoreArea@ClientConnection@@AAEXAAUtagRECT@@@Z 004dfbd0 f   ClientConnectionCacheRect.obj
 0002:0002ecd0       ?ClearCache@ClientConnection@@AAEXXZ 004dfcd0 f   ClientConnectionCacheRect.obj
 0002:0002ed40       ?ReadCacheZip@ClientConnection@@AAEXPAUrfbFramebufferUpdateRectHeader@@PAPAUHRGN__@@@Z 004dfd40 f   ClientConnectionCacheRect.obj
 0002:0002f0e0       ?ProcessLocalClipboardChange@ClientConnection@@AAEXXZ 004e00e0 f   ClientConnectionClipboard.obj
 0002:0002f260       ?UpdateRemoteClipboard@ClientConnection@@AAEXK@Z 004e0260 f   ClientConnectionClipboard.obj
 0002:0002f650       ?UpdateRemoteClipboardCaps@ClientConnection@@AAEX_N@Z 004e0650 f   ClientConnectionClipboard.obj
 0002:0002f7e0       ?RequestRemoteClipboard@ClientConnection@@AAEXXZ 004e07e0 f   ClientConnectionClipboard.obj
 0002:0002f8e0       ?UpdateLocalClipboard@ClientConnection@@AAEXPADH@Z 004e08e0 f   ClientConnectionClipboard.obj
 0002:0002fb50       ?SaveClipboardPreferences@ClientConnection@@AAEXXZ 004e0b50 f   ClientConnectionClipboard.obj
 0002:0002fc10       ?LoadClipboardPreferences@ClientConnection@@AAE_NXZ 004e0c10 f   ClientConnectionClipboard.obj
 0002:00030040       ?ReadCopyRect@ClientConnection@@AAEXPAUrfbFramebufferUpdateRectHeader@@@Z 004e1040 f   ClientConnectionCopyRect.obj
 0002:00030430       ?ReadCoRRERect@ClientConnection@@AAEXPAUrfbFramebufferUpdateRectHeader@@@Z 004e1430 f   ClientConnectionCoRRE.obj
 0002:00030b70       ?FillSolidRect_ultra@ClientConnection@@AAEXHHHHHPAE@Z 004e1b70 f i ClientConnectionCoRRE.obj
 0002:00030be0       ?ReadCursorShape@ClientConnection@@AAEXPAUrfbFramebufferUpdateRectHeader@@@Z 004e1be0 f   ClientConnectionCursor.obj
 0002:000315a0       ?ReadCursorPos@ClientConnection@@AAEXPAUrfbFramebufferUpdateRectHeader@@@Z 004e25a0 f   ClientConnectionCursor.obj
 0002:00031630       ?SoftCursorLockArea@ClientConnection@@AAEXHHHH@Z 004e2630 f   ClientConnectionCursor.obj
 0002:00031840       ?SoftCursorUnlockScreen@ClientConnection@@AAEXXZ 004e2840 f   ClientConnectionCursor.obj
 0002:000318f0       ?SoftCursorMove@ClientConnection@@AAEXHH@Z 004e28f0 f   ClientConnectionCursor.obj
 0002:000319e0       ?SoftCursorFree@ClientConnection@@AAEXXZ 004e29e0 f   ClientConnectionCursor.obj
 0002:00031b10       ?SoftCursorInLockedArea@ClientConnection@@AAE_NXZ 004e2b10 f   ClientConnectionCursor.obj
 0002:00031bd0       ?SoftCursorSaveArea@ClientConnection@@AAEXXZ 004e2bd0 f   ClientConnectionCursor.obj
 0002:00031cd0       ?SoftCursorRestoreArea@ClientConnection@@AAEXXZ 004e2cd0 f   ClientConnectionCursor.obj
 0002:00031de0       ?SoftCursorDraw@ClientConnection@@AAEXXZ 004e2de0 f   ClientConnectionCursor.obj
 0002:00031fe0       ?SoftCursorToScreen@ClientConnection@@AAEXPAUtagRECT@@PAUtagPOINT@@@Z 004e2fe0 f   ClientConnectionCursor.obj
 0002:00032140       ?InvalidateScreenRect@ClientConnection@@AAEXPBUtagRECT@@@Z 004e3140 f   ClientConnectionCursor.obj
 0002:000322a0       ?InvalidateRegion@ClientConnection@@AAEXPBUtagRECT@@PAPAUHRGN__@@@Z 004e32a0 f   ClientConnectionCursor.obj
 0002:00032a20       ?ofnInit@@YAXXZ            004e3a20 f   ClientConnectionFile.obj
 0002:00032a70       ?SaveConnection@ClientConnection@@AAEXXZ 004e3a70 f   ClientConnectionFile.obj
 0002:00032d90       ?Save_Latest_Connection@ClientConnection@@AAEXXZ 004e3d90 f   ClientConnectionFile.obj
 0002:00032f40       ?LoadConnection@ClientConnection@@QAEHPAD_N@Z 004e3f40 f   ClientConnectionFile.obj
 0002:000335d0       ?InFullScreenMode@ClientConnection@@AAE_NXZ 004e45d0 f   ClientConnectionFullScreen.obj
 0002:000335f0       ?SetFullScreenMode@ClientConnection@@AAEX_N@Z 004e45f0 f   ClientConnectionFullScreen.obj
 0002:00033660       ?RealiseFullScreenMode@ClientConnection@@AAEXXZ 004e4660 f   ClientConnectionFullScreen.obj
 0002:000339c0       ?BumpScroll@ClientConnection@@AAE_NHH@Z 004e49c0 f   ClientConnectionFullScreen.obj
 0002:00033c20       ?ReadHextileRect@ClientConnection@@AAEXPAUrfbFramebufferUpdateRectHeader@@@Z 004e4c20 f   ClientConnectionHextile.obj
 0002:00033cd0       ?HandleHextileEncoding8@ClientConnection@@AAEXHHHH@Z 004e4cd0 f   ClientConnectionHextile.obj
 0002:00034210       ?HandleHextileEncoding16@ClientConnection@@AAEXHHHH@Z 004e5210 f   ClientConnectionHextile.obj
 0002:00034750       ?HandleHextileEncoding32@ClientConnection@@AAEXHHHH@Z 004e5750 f   ClientConnectionHextile.obj
 0002:000350b0       ?ReadRawRect@ClientConnection@@AAEXPAUrfbFramebufferUpdateRectHeader@@@Z 004e60b0 f   ClientConnectionRaw.obj
 0002:00035210       ?ReadRRERect@ClientConnection@@AAEXPAUrfbFramebufferUpdateRectHeader@@@Z 004e6210 f   ClientConnectionRRE.obj
 0002:000359e0       ?ReadTightRect@ClientConnection@@AAEXPAUrfbFramebufferUpdateRectHeader@@@Z 004e69e0 f   ClientConnectionTight.obj
 0002:000365d0       ?ReadCompactLen@ClientConnection@@AAEHXZ 004e75d0 f   ClientConnectionTight.obj
 0002:00036650       ?InitFilterCopy@ClientConnection@@AAEHHH@Z 004e7650 f   ClientConnectionTight.obj
 0002:00036720       ?InitFilterGradient@ClientConnection@@AAEHHH@Z 004e7720 f   ClientConnectionTight.obj
 0002:000367d0       ?InitFilterPalette@ClientConnection@@AAEHHH@Z 004e77d0 f   ClientConnectionTight.obj
 0002:00036c90       ?FilterCopy8@ClientConnection@@AAEXH@Z 004e7c90 f   ClientConnectionTight.obj
 0002:00036e20       ?FilterCopy16@ClientConnection@@AAEXH@Z 004e7e20 f   ClientConnectionTight.obj
 0002:00036fb0       ?FilterCopy24@ClientConnection@@AAEXH@Z 004e7fb0 f   ClientConnectionTight.obj
 0002:000370f0       ?FilterCopy32@ClientConnection@@AAEXH@Z 004e80f0 f   ClientConnectionTight.obj
 0002:00037280       ?FilterGradient8@ClientConnection@@AAEXH@Z 004e8280 f   ClientConnectionTight.obj
 0002:000376f0       ?FilterGradient16@ClientConnection@@AAEXH@Z 004e86f0 f   ClientConnectionTight.obj
[...]
 0005:00000d88       __imp__HeapFree@12         006c3d88     kernel32:KERNEL32.dll
 0005:00000d8c       __imp__CreateMutexA@12     006c3d8c     kernel32:KERNEL32.dll
 0005:00000d90       __imp__InterlockedExchange@8 006c3d90     kernel32:KERNEL32.dll
 0005:00000d94       __imp__ReleaseMutex@4      006c3d94     kernel32:KERNEL32.dll
 0005:00000d98       __imp__InitializeCriticalSection@4 006c3d98     kernel32:KERNEL32.dll
 0005:00000d9c       __imp__EnterCriticalSection@4 006c3d9c     kernel32:KERNEL32.dll
 0005:00000da0       __imp__LeaveCriticalSection@4 006c3da0     kernel32:KERNEL32.dll
 0005:00000da4       __imp__lstrcpynA@12        006c3da4     kernel32:KERNEL32.dll
 0005:00000da8       __imp__GetLocaleInfoA@16   006c3da8     kernel32:KERNEL32.dll
 0005:00000dac       __imp__SetVolumeLabelA@8   006c3dac     kernel32:KERNEL32.dll
 0005:00000db0       __imp__GetFullPathNameA@16 006c3db0     kernel32:KERNEL32.dll
 0005:00000db4       __imp__GetVolumeInformationA@32 006c3db4     kernel32:KERNEL32.dll
 0005:00000db8       __imp__GetLocalTime@4      006c3db8     kernel32:KERNEL32.dll
 0005:00000dbc       __imp__DosDateTimeToFileTime@12 006c3dbc     kernel32:KERNEL32.dll
 0005:00000dc0       __imp__LocalFileTimeToFileTime@8 006c3dc0     kernel32:KERNEL32.dll
 0005:00000dc4       __imp__SetFileAttributesA@8 006c3dc4     kernel32:KERNEL32.dll
 0005:00000dc8       __imp__GetVersion@0        006c3dc8     kernel32:KERNEL32.dll
 0005:00000dcc       __imp__QueryPerformanceCounter@4 006c3dcc     kernel32:KERNEL32.dll
 0005:00000dd0       __imp__QueryPerformanceFrequency@4 006c3dd0     kernel32:KERNEL32.dll
 0005:00000dd4       __imp__GetStartupInfoW@4   006c3dd4     kernel32:KERNEL32.dll
 0005:00000dd8       __imp__SetErrorMode@4      006c3dd8     kernel32:KERNEL32.dll
 0005:00000ddc       __imp__GetTempPathA@8      006c3ddc     kernel32:KERNEL32.dll
 0005:00000de0       __imp__CopyFileA@12        006c3de0     kernel32:KERNEL32.dll
 0005:00000de4       __imp__LoadLibraryA@4      006c3de4     kernel32:KERNEL32.dll
 0005:00000de8       __imp__GetProcAddress@8    006c3de8     kernel32:KERNEL32.dll
 0005:00000dec       __imp__FreeLibrary@4       006c3dec     kernel32:KERNEL32.dll
 0005:00000df0       __imp__DeleteFileA@4       006c3df0     kernel32:KERNEL32.dll
 0005:00000df4       __imp__GetModuleFileNameA@12 006c3df4     kernel32:KERNEL32.dll
 0005:00000df8       __imp__FindFirstFileA@8    006c3df8     kernel32:KERNEL32.dll
 0005:00000dfc       __imp__FindNextFileA@8     006c3dfc     kernel32:KERNEL32.dll
 0005:00000e00       __imp__FindClose@4         006c3e00     kernel32:KERNEL32.dll
 0005:00000e04       __imp__MultiByteToWideChar@24 006c3e04     kernel32:KERNEL32.dll
 0005:00000e08       __imp__GlobalFree@4        006c3e08     kernel32:KERNEL32.dll
 0005:00000e0c       __imp__GlobalSize@4        006c3e0c     kernel32:KERNEL32.dll
 0005:00000e10       __imp__WideCharToMultiByte@32 006c3e10     kernel32:KERNEL32.dll
 0005:00000e14       __imp__GetPrivateProfileStringA@24 006c3e14     kernel32:KERNEL32.dll
 0005:00000e18       __imp__GetPrivateProfileIntA@16 006c3e18     kernel32:KERNEL32.dll
 0005:00000e1c       __imp__WritePrivateProfileStringA@16 006c3e1c     kernel32:KERNEL32.dll
 0005:00000e20       __imp__RemoveDirectoryA@4  006c3e20     kernel32:KERNEL32.dll
 0005:00000e24       __imp__GlobalAlloc@8       006c3e24     kernel32:KERNEL32.dll
 0005:00000e28       __imp__GlobalLock@4        006c3e28     kernel32:KERNEL32.dll
 0005:00000e2c       __imp__GlobalUnlock@4      006c3e2c     kernel32:KERNEL32.dll
 0005:00000e30       __imp__FormatMessageA@28   006c3e30     kernel32:KERNEL32.dll
 0005:00000e34       __imp__LocalFree@4         006c3e34     kernel32:KERNEL32.dll
 0005:00000e38       __imp__Beep@8              006c3e38     kernel32:KERNEL32.dll
 0005:00000e3c       __imp__OutputDebugStringA@4 006c3e3c     kernel32:KERNEL32.dll
 0005:00000e40       __imp__GetTickCount@0      006c3e40     kernel32:KERNEL32.dll
 0005:00000e44       __imp__CloseHandle@4       006c3e44     kernel32:KERNEL32.dll
 0005:00000e48       __imp__WaitForSingleObject@8 006c3e48     kernel32:KERNEL32.dll
 0005:00000e4c       __imp__SetEvent@4          006c3e4c     kernel32:KERNEL32.dll
 0005:00000e50       __imp__GetLastError@0      006c3e50     kernel32:KERNEL32.dll
 0005:00000e54       __imp__CreateThread@24     006c3e54     kernel32:KERNEL32.dll
 0005:00000e58       __imp__ResumeThread@4      006c3e58     kernel32:KERNEL32.dll
 0005:00000e5c       __imp__Sleep@4             006c3e5c     kernel32:KERNEL32.dll
 0005:00000e60       __imp__CreateEventA@16     006c3e60     kernel32:KERNEL32.dll
 0005:00000e64       __imp__GetModuleHandleA@4  006c3e64     kernel32:KERNEL32.dll
 0005:00000e68       __imp__HeapCreate@12       006c3e68     kernel32:KERNEL32.dll
 0005:00000e6c       __imp__HeapDestroy@4       006c3e6c     kernel32:KERNEL32.dll
 0005:00000e70       __imp__GetStringTypeW@16   006c3e70     kernel32:KERNEL32.dll
 0005:00000e74       __imp__IsValidLocale@8     006c3e74     kernel32:KERNEL32.dll
 0005:00000e78       __imp__EnumSystemLocalesA@8 006c3e78     kernel32:KERNEL32.dll
 0005:00000e7c       __imp__GetUserDefaultLCID@0 006c3e7c     kernel32:KERNEL32.dll
 0005:00000e80       __imp__SetEnvironmentVariableW@8 006c3e80     kernel32:KERNEL32.dll
 0005:00000e84       __imp__HeapReAlloc@16      006c3e84     kernel32:KERNEL32.dll
 0005:00000e88       __imp__HeapSize@12         006c3e88     kernel32:KERNEL32.dll
 0005:00000e8c       __imp__HeapQueryInformation@20 006c3e8c     kernel32:KERNEL32.dll
 0005:00000e90       __imp__CompareStringW@24   006c3e90     kernel32:KERNEL32.dll
 0005:00000e94       __imp__VirtualQuery@12     006c3e94     kernel32:KERNEL32.dll
 0005:00000e98       __imp__CreateFileW@28      006c3e98     kernel32:KERNEL32.dll
 0005:00000e9c       __imp__PeekNamedPipe@24    006c3e9c     kernel32:KERNEL32.dll
 0005:00000ea0       \177KERNEL32_NULL_THUNK_DATA 006c3ea0     kernel32:KERNEL32.dll
 0005:00000f4c       __imp__ShellExecuteA@24    006c3f4c     shell32:SHELL32.dll
 0005:00000f50       __imp__SHGetSpecialFolderLocation@12 006c3f50     shell32:SHELL32.dll
 0005:00000f54       __imp__SHGetPathFromIDListA@8 006c3f54     shell32:SHELL32.dll
 0005:00000f58       __imp__SHFileOperationA@4  006c3f58     shell32:SHELL32.dll
 0005:00000f5c       __imp__Shell_NotifyIconA@8 006c3f5c     shell32:SHELL32.dll
 0005:00000f60       __imp__SHGetFolderPathA@20 006c3f60     shell32:SHELL32.dll
 0005:00000f64       \177SHELL32_NULL_THUNK_DATA 006c3f64     shell32:SHELL32.dll
 0005:00000f94       __imp__ReleaseCapture@0    006c3f94     user32:USER32.dll
 0005:00000f98       __imp__CallWindowProcA@20  006c3f98     user32:USER32.dll
 0005:00000f9c       __imp__GetScrollInfo@12    006c3f9c     user32:USER32.dll
 0005:00000fa0       __imp__CallNextHookEx@16   006c3fa0     user32:USER32.dll
 0005:00000fa4       __imp__PostThreadMessageA@16 006c3fa4     user32:USER32.dll
 0005:00000fa8       __imp__SetWindowsHookExA@16 006c3fa8     user32:USER32.dll
 0005:00000fac       __imp__GetMessageA@16      006c3fac     user32:USER32.dll
 0005:00000fb0       __imp__GetWindowThreadProcessId@8 006c3fb0     user32:USER32.dll
 0005:00000fb4       __imp__GetKeyState@4       006c3fb4     user32:USER32.dll
 0005:00000fb8       __imp__ToAscii@20          006c3fb8     user32:USER32.dll
 0005:00000fbc       __imp__keybd_event@16      006c3fbc     user32:USER32.dll
 0005:00000fc0       __imp__VkKeyScanW@4        006c3fc0     user32:USER32.dll
 0005:00000fc4       __imp__ToUnicode@24        006c3fc4     user32:USER32.dll
 0005:00000fc8       __imp__GetKeyboardState@4  006c3fc8     user32:USER32.dll
 0005:00000fcc       __imp__LoadBitmapA@8       006c3fcc     user32:USER32.dll
 0005:00000fd0       __imp__GetMenuStringA@20   006c3fd0     user32:USER32.dll
 0005:00000fd4       __imp__ModifyMenuA@20      006c3fd4     user32:USER32.dll
 0005:00000fd8       __imp__PtInRect@12         006c3fd8     user32:USER32.dll
 0005:00000fdc       __imp__ScreenToClient@8    006c3fdc     user32:USER32.dll
 0005:00000fe0       __imp__SetWindowRgn@12     006c3fe0     user32:USER32.dll
 0005:00000fe4       __imp__MapWindowPoints@16  006c3fe4     user32:USER32.dll
 0005:00000fe8       __imp__IntersectRect@12    006c3fe8     user32:USER32.dll
 0005:00000fec       __imp__DestroyIcon@4       006c3fec     user32:USER32.dll
 0005:00000ff0       __imp__GetMenuItemCount@4  006c3ff0     user32:USER32.dll
 0005:00000ff4       __imp__GetWindowTextLengthA@4 006c3ff4     user32:USER32.dll
 0005:00000ff8       __imp__EnableWindow@8      006c3ff8     user32:USER32.dll
 0005:00000ffc       __imp__GetComboBoxInfo@8   006c3ffc     user32:USER32.dll
 0005:00001000       __imp__DrawTextA@20        006c4000     user32:USER32.dll
 0005:00001004       __imp__GetParent@4         006c4004     user32:USER32.dll
 0005:00001008       __imp__SendDlgItemMessageA@20 006c4008     user32:USER32.dll
 0005:0000100c       __imp__PeekMessageA@20     006c400c     user32:USER32.dll
 0005:00001010       __imp__TranslateMessage@4  006c4010     user32:USER32.dll
 0005:00001014       __imp__DispatchMessageA@4  006c4014     user32:USER32.dll
 0005:00001018       __imp__EnumDisplayDevicesA@16 006c4018     user32:USER32.dll
 0005:0000101c       __imp__EnumDisplaySettingsA@12 006c401c     user32:USER32.dll
 0005:00001020       __imp__MonitorFromPoint@12 006c4020     user32:USER32.dll
 0005:00001024       __imp__GetMonitorInfoA@8   006c4024     user32:USER32.dll
 0005:00001028       __imp__SetCaretBlinkTime@4 006c4028     user32:USER32.dll
 0005:0000102c       __imp__GetCaretBlinkTime@0 006c402c     user32:USER32.dll
 0005:00001030       __imp__SetCapture@4        006c4030     user32:USER32.dll
 0005:00001034       __imp__IsDlgButtonChecked@8 006c4034     user32:USER32.dll
 0005:00001038       __imp__LoadKeyboardLayoutA@8 006c4038     user32:USER32.dll
 0005:0000103c       __imp__GetDesktopWindow@0  006c403c     user32:USER32.dll
 0005:00001040       __imp__GetSystemMetrics@4  006c4040     user32:USER32.dll
 0005:00001044       __imp__SystemParametersInfoA@16 006c4044     user32:USER32.dll
 0005:00001048       __imp__ValidateRect@8      006c4048     user32:USER32.dll
 0005:0000104c       __imp__GetSubMenu@8        006c404c     user32:USER32.dll
 0005:00001050       __imp__GetMenuItemID@8     006c4050     user32:USER32.dll
 0005:00001054       __imp__SetMenuDefaultItem@12 006c4054     user32:USER32.dll
 0005:00001058       __imp__TrackPopupMenu@28   006c4058     user32:USER32.dll
 0005:0000105c       __imp__LoadStringA@16      006c405c     user32:USER32.dll
 0005:00001060       __imp__RegisterClassExA@4  006c4060     user32:USER32.dll
 0005:00001064       __imp__LoadMenuA@8         006c4064     user32:USER32.dll
 0005:00001068       __imp__RegisterClipboardFormatA@4 006c4068     user32:USER32.dll
 0005:0000106c       __imp__IsClipboardFormatAvailable@4 006c406c     user32:USER32.dll
 0005:00001070       __imp__GetCursorPos@4      006c4070     user32:USER32.dll
 0005:00001074       __imp__SetCursorPos@8      006c4074     user32:USER32.dll
 0005:00001078       __imp__SetWindowLongA@12   006c4078     user32:USER32.dll
 0005:0000107c       __imp__RedrawWindow@16     006c407c     user32:USER32.dll
 0005:00001080       __imp__EmptyClipboard@0    006c4080     user32:USER32.dll
 0005:00001084       __imp__SetClipboardData@8  006c4084     user32:USER32.dll
 0005:00001088       __imp__OpenClipboard@4     006c4088     user32:USER32.dll
 0005:0000108c       __imp__GetClipboardData@4  006c408c     user32:USER32.dll
 0005:00001090       __imp__CloseClipboard@0    006c4090     user32:USER32.dll
 0005:00001094       __imp__GetClipboardOwner@0 006c4094     user32:USER32.dll
 0005:00001098       __imp__RegisterWindowMessageA@4 006c4098     user32:USER32.dll
 0005:0000109c       __imp__GetWindowTextA@12   006c409c     user32:USER32.dll
 0005:000010a0       __imp__BeginPaint@8        006c40a0     user32:USER32.dll
 0005:000010a4       __imp__GetSysColorBrush@4  006c40a4     user32:USER32.dll
 0005:000010a8       __imp__FillRect@12         006c40a8     user32:USER32.dll
 0005:000010ac       __imp__EndPaint@8          006c40ac     user32:USER32.dll
 0005:000010b0       __imp__GetFocus@0          006c40b0     user32:USER32.dll
 0005:000010b4       __imp__GetForegroundWindow@0 006c40b4     user32:USER32.dll
 0005:000010b8       __imp__GetWindow@8         006c40b8     user32:USER32.dll
 0005:000010bc       __imp__SetCursor@4         006c40bc     user32:USER32.dll
 0005:000010c0       __imp__SendNotifyMessageA@16 006c40c0     user32:USER32.dll
 0005:000010c4       __imp__IsWindow@4          006c40c4     user32:USER32.dll
 0005:000010c8       __imp__GetKeyNameTextA@12  006c40c8     user32:USER32.dll
 0005:000010cc       __imp__DefWindowProcA@16   006c40cc     user32:USER32.dll
 0005:000010d0       __imp__PostQuitMessage@4   006c40d0     user32:USER32.dll
 0005:000010d4       __imp__ChangeClipboardChain@8 006c40d4     user32:USER32.dll
 0005:000010d8       __imp__DestroyMenu@4       006c40d8     user32:USER32.dll
 0005:000010dc       __imp__ShowScrollBar@12    006c40dc     user32:USER32.dll
 0005:000010e0       __imp__SetFocus@4          006c40e0     user32:USER32.dll
 0005:000010e4       __imp__GetDlgItemInt@16    006c40e4     user32:USER32.dll
 0005:000010e8       __imp__wsprintfA           006c40e8     user32:USER32.dll
 0005:000010ec       __imp__SetTimer@16         006c40ec     user32:USER32.dll
 0005:000010f0       __imp__IsIconic@4          006c40f0     user32:USER32.dll
 0005:000010f4       __imp__InvalidateRgn@12    006c40f4     user32:USER32.dll
 0005:000010f8       __imp__InvalidateRect@12   006c40f8     user32:USER32.dll
 0005:000010fc       __imp__GetKeyboardLayoutNameA@4 006c40fc     user32:USER32.dll
 0005:00001100       __imp__SetScrollInfo@16    006c4100     user32:USER32.dll
 0005:00001104       __imp__KillTimer@8         006c4104     user32:USER32.dll
 0005:00001108       __imp__ScrollWindowEx@32   006c4108     user32:USER32.dll
 0005:0000110c       __imp__SetRect@20          006c410c     user32:USER32.dll
 0005:00001110       __imp__AdjustWindowRectEx@16 006c4110     user32:USER32.dll
 0005:00001114       __imp__MoveWindow@24       006c4114     user32:USER32.dll
 0005:00001118       __imp__SetWindowTextA@8    006c4118     user32:USER32.dll
 0005:0000111c       __imp__UpdateWindow@4      006c411c     user32:USER32.dll
 0005:00001120       __imp__SetDlgItemInt@16    006c4120     user32:USER32.dll
 0005:00001124       __imp__MessageBoxA@16      006c4124     user32:USER32.dll
 0005:00001128       __imp__CheckMenuItem@12    006c4128     user32:USER32.dll
 0005:0000112c       __imp__EnableMenuItem@12   006c412c     user32:USER32.dll
 0005:00001130       __imp__SetClipboardViewer@4 006c4130     user32:USER32.dll
 0005:00001134       __imp__GetSystemMenu@8     006c4134     user32:USER32.dll
 0005:00001138       __imp__AppendMenuA@16      006c4138     user32:USER32.dll
 0005:0000113c       __imp__CreatePopupMenu@0   006c413c     user32:USER32.dll
 0005:00001140       __imp__DrawMenuBar@4       006c4140     user32:USER32.dll
 0005:00001144       __imp__LoadIconA@8         006c4144     user32:USER32.dll
 0005:00001148       __imp__LoadCursorA@8       006c4148     user32:USER32.dll
 0005:0000114c       __imp__RegisterClassA@4    006c414c     user32:USER32.dll
 0005:00001150       __imp__GetDC@4             006c4150     user32:USER32.dll
 0005:00001154       __imp__ReleaseDC@8         006c4154     user32:USER32.dll
 0005:00001158       __imp__GetWindowRect@8     006c4158     user32:USER32.dll
 0005:0000115c       __imp__DestroyWindow@4     006c415c     user32:USER32.dll
 0005:00001160       __imp__GetClientRect@8     006c4160     user32:USER32.dll
 0005:00001164       __imp__CreateWindowExA@48  006c4164     user32:USER32.dll
 0005:00001168       __imp__SetWindowPos@28     006c4168     user32:USER32.dll
 0005:0000116c       __imp__PostMessageA@16     006c416c     user32:USER32.dll
 0005:00001170       __imp__ShowWindow@8        006c4170     user32:USER32.dll
 0005:00001174       __imp__GetWindowLongA@8    006c4174     user32:USER32.dll
 0005:00001178       __imp__GetDlgItem@8        006c4178     user32:USER32.dll
 0005:0000117c       __imp__SendMessageA@16     006c417c     user32:USER32.dll
 0005:00001180       __imp__GetDlgItemTextA@16  006c4180     user32:USER32.dll
 0005:00001184       __imp__DestroyAcceleratorTable@4 006c4184     user32:USER32.dll
 0005:00001188       __imp__TranslateAcceleratorA@12 006c4188     user32:USER32.dll
 0005:0000118c       __imp__CreateAcceleratorTableA@8 006c418c     user32:USER32.dll
 0005:00001190       __imp__SetForegroundWindow@4 006c4190     user32:USER32.dll
 0005:00001194       __imp__SetDlgItemTextA@12  006c4194     user32:USER32.dll
 0005:00001198       __imp__EndDialog@8         006c4198     user32:USER32.dll
 0005:0000119c       __imp__DialogBoxParamA@20  006c419c     user32:USER32.dll
 0005:000011a0       __imp__IsRectEmpty@4       006c41a0     user32:USER32.dll
 0005:000011a4       __imp__LoadImageA@24       006c41a4     user32:USER32.dll
 0005:000011a8       __imp__wvsprintfA@12       006c41a8     user32:USER32.dll
 0005:000011ac       __imp__CharToOemA@8        006c41ac     user32:USER32.dll
 0005:000011b0       __imp__OemToCharA@8        006c41b0     user32:USER32.dll
 0005:000011b4       __imp__WindowFromDC@4      006c41b4     user32:USER32.dll
 0005:000011b8       \177USER32_NULL_THUNK_DATA 006c41b8     user32:USER32.dll
 0005:00001250       __imp__PlaySoundA@12       006c4250     winmm:WINMM.dll
 0005:00001254       __imp__timeSetEvent@20     006c4254     winmm:WINMM.dll
 0005:00001258       __imp__timeKillEvent@4     006c4258     winmm:WINMM.dll
 0005:0000125c       __imp__timeGetTime@0       006c425c     winmm:WINMM.dll
 0005:00001260       \177WINMM_NULL_THUNK_DATA  006c4260     winmm:WINMM.dll
 0005:0000128c       __imp__select@20           006c428c     ws2_32:WS2_32.dll
 0005:00001290       __imp____WSAFDIsSet@8      006c4290     ws2_32:WS2_32.dll
 0005:00001294       __imp__send@16             006c4294     ws2_32:WS2_32.dll
 0005:00001298       __imp__shutdown@8          006c4298     ws2_32:WS2_32.dll
 0005:0000129c       __imp__WSACleanup@0        006c429c     ws2_32:WS2_32.dll
 0005:000012a0       __imp__WSAStartup@8        006c42a0     ws2_32:WS2_32.dll
 0005:000012a4       __imp__WSAAsyncSelect@16   006c42a4     ws2_32:WS2_32.dll
 0005:000012a8       __imp__inet_addr@4         006c42a8     ws2_32:WS2_32.dll
 0005:000012ac       __imp__gethostbyname@4     006c42ac     ws2_32:WS2_32.dll
 0005:000012b0       __imp__htons@4             006c42b0     ws2_32:WS2_32.dll
 0005:000012b4       __imp__connect@12          006c42b4     ws2_32:WS2_32.dll
 0005:000012b8       __imp__WSAGetLastError@0   006c42b8     ws2_32:WS2_32.dll
 0005:000012bc       __imp__closesocket@4       006c42bc     ws2_32:WS2_32.dll
 0005:000012c0       __imp__setsockopt@20       006c42c0     ws2_32:WS2_32.dll
 0005:000012c4       __imp__getpeername@12      006c42c4     ws2_32:WS2_32.dll
 0005:000012c8       __imp__listen@8            006c42c8     ws2_32:WS2_32.dll
 0005:000012cc       __imp__bind@12             006c42cc     ws2_32:WS2_32.dll
 0005:000012d0       __imp__recv@16             006c42d0     ws2_32:WS2_32.dll
 0005:000012d4       __imp__ioctlsocket@12      006c42d4     ws2_32:WS2_32.dll
 0005:000012d8       __imp__socket@12           006c42d8     ws2_32:WS2_32.dll
 0005:000012dc       __imp__accept@12           006c42dc     ws2_32:WS2_32.dll
 0005:000012e0       \177WS2_32_NULL_THUNK_DATA 006c42e0     ws2_32:WS2_32.dll

 entry point at        0002:000015fe

